Component: ARM Compiler 5.06 update 5 (build 528) Tool: armlink [4d35e2]

==============================================================================

Section Cross References

    startup_stm32f407xx.o(STACK) refers (Special) to heapauxi.o(.text) for __use_two_region_memory
    startup_stm32f407xx.o(HEAP) refers (Special) to heapauxi.o(.text) for __use_two_region_memory
    startup_stm32f407xx.o(RESET) refers (Special) to heapauxi.o(.text) for __use_two_region_memory
    startup_stm32f407xx.o(RESET) refers to startup_stm32f407xx.o(STACK) for __initial_sp
    startup_stm32f407xx.o(RESET) refers to startup_stm32f407xx.o(.text) for Reset_Handler
    startup_stm32f407xx.o(RESET) refers to stm32f4xx_it.o(i.NMI_Handler) for NMI_Handler
    startup_stm32f407xx.o(RESET) refers to stm32f4xx_it.o(i.HardFault_Handler) for HardFault_Handler
    startup_stm32f407xx.o(RESET) refers to stm32f4xx_it.o(i.MemManage_Handler) for MemManage_Handler
    startup_stm32f407xx.o(RESET) refers to stm32f4xx_it.o(i.BusFault_Handler) for BusFault_Handler
    startup_stm32f407xx.o(RESET) refers to stm32f4xx_it.o(i.UsageFault_Handler) for UsageFault_Handler
    startup_stm32f407xx.o(RESET) refers to stm32f4xx_it.o(i.SVC_Handler) for SVC_Handler
    startup_stm32f407xx.o(RESET) refers to stm32f4xx_it.o(i.DebugMon_Handler) for DebugMon_Handler
    startup_stm32f407xx.o(RESET) refers to stm32f4xx_it.o(i.PendSV_Handler) for PendSV_Handler
    startup_stm32f407xx.o(RESET) refers to stm32f4xx_it.o(i.SysTick_Handler) for SysTick_Handler
    startup_stm32f407xx.o(RESET) refers to stm32f4xx_it.o(i.DMA1_Stream5_IRQHandler) for DMA1_Stream5_IRQHandler
    startup_stm32f407xx.o(RESET) refers to stm32f4xx_it.o(i.USART1_IRQHandler) for USART1_IRQHandler
    startup_stm32f407xx.o(RESET) refers to stm32f4xx_it.o(i.USART2_IRQHandler) for USART2_IRQHandler
    startup_stm32f407xx.o(RESET) refers to stm32f4xx_it.o(i.DMA2_Stream0_IRQHandler) for DMA2_Stream0_IRQHandler
    startup_stm32f407xx.o(.text) refers (Special) to heapauxi.o(.text) for __use_two_region_memory
    startup_stm32f407xx.o(.text) refers to system_stm32f4xx.o(i.SystemInit) for SystemInit
    startup_stm32f407xx.o(.text) refers to __main.o(!!!main) for __main
    startup_stm32f407xx.o(.text) refers to startup_stm32f407xx.o(HEAP) for Heap_Mem
    startup_stm32f407xx.o(.text) refers to startup_stm32f407xx.o(STACK) for Stack_Mem
    stm32f4xx_hal_rcc.o(i.HAL_RCC_ClockConfig) refers to stm32f4xx_hal.o(i.HAL_GetTick) for HAL_GetTick
    stm32f4xx_hal_rcc.o(i.HAL_RCC_ClockConfig) refers to stm32f4xx_hal_rcc.o(i.HAL_RCC_GetSysClockFreq) for HAL_RCC_GetSysClockFreq
    stm32f4xx_hal_rcc.o(i.HAL_RCC_ClockConfig) refers to stm32f4xx_hal.o(i.HAL_InitTick) for HAL_InitTick
    stm32f4xx_hal_rcc.o(i.HAL_RCC_ClockConfig) refers to system_stm32f4xx.o(.constdata) for AHBPrescTable
    stm32f4xx_hal_rcc.o(i.HAL_RCC_ClockConfig) refers to system_stm32f4xx.o(.data) for SystemCoreClock
    stm32f4xx_hal_rcc.o(i.HAL_RCC_ClockConfig) refers to stm32f4xx_hal.o(.data) for uwTickPrio
    stm32f4xx_hal_rcc.o(i.HAL_RCC_GetHCLKFreq) refers to system_stm32f4xx.o(.data) for SystemCoreClock
    stm32f4xx_hal_rcc.o(i.HAL_RCC_GetPCLK1Freq) refers to system_stm32f4xx.o(.data) for SystemCoreClock
    stm32f4xx_hal_rcc.o(i.HAL_RCC_GetPCLK1Freq) refers to system_stm32f4xx.o(.constdata) for APBPrescTable
    stm32f4xx_hal_rcc.o(i.HAL_RCC_GetPCLK2Freq) refers to system_stm32f4xx.o(.data) for SystemCoreClock
    stm32f4xx_hal_rcc.o(i.HAL_RCC_GetPCLK2Freq) refers to system_stm32f4xx.o(.constdata) for APBPrescTable
    stm32f4xx_hal_rcc.o(i.HAL_RCC_GetSysClockFreq) refers to lludivv7m.o(.text) for __aeabi_uldivmod
    stm32f4xx_hal_rcc.o(i.HAL_RCC_MCOConfig) refers to stm32f4xx_hal_gpio.o(i.HAL_GPIO_Init) for HAL_GPIO_Init
    stm32f4xx_hal_rcc.o(i.HAL_RCC_NMI_IRQHandler) refers to stm32f4xx_hal_rcc.o(i.HAL_RCC_CSSCallback) for HAL_RCC_CSSCallback
    stm32f4xx_hal_rcc.o(i.HAL_RCC_OscConfig) refers to stm32f4xx_hal.o(i.HAL_GetTick) for HAL_GetTick
    stm32f4xx_hal_rcc_ex.o(i.HAL_RCCEx_DisablePLLI2S) refers to stm32f4xx_hal.o(i.HAL_GetTick) for HAL_GetTick
    stm32f4xx_hal_rcc_ex.o(i.HAL_RCCEx_EnablePLLI2S) refers to stm32f4xx_hal.o(i.HAL_GetTick) for HAL_GetTick
    stm32f4xx_hal_rcc_ex.o(i.HAL_RCCEx_PeriphCLKConfig) refers to stm32f4xx_hal.o(i.HAL_GetTick) for HAL_GetTick
    stm32f4xx_hal_rcc_ex.o(i.HAL_RCC_DeInit) refers to stm32f4xx_hal.o(i.HAL_GetTick) for HAL_GetTick
    stm32f4xx_hal_rcc_ex.o(i.HAL_RCC_DeInit) refers to stm32f4xx_hal.o(i.HAL_InitTick) for HAL_InitTick
    stm32f4xx_hal_rcc_ex.o(i.HAL_RCC_DeInit) refers to system_stm32f4xx.o(.data) for SystemCoreClock
    stm32f4xx_hal_rcc_ex.o(i.HAL_RCC_DeInit) refers to stm32f4xx_hal.o(.data) for uwTickPrio
    stm32f4xx_hal_flash.o(i.FLASH_SetErrorCode) refers to stm32f4xx_hal_flash.o(.data) for .data
    stm32f4xx_hal_flash.o(i.FLASH_WaitForLastOperation) refers to stm32f4xx_hal.o(i.HAL_GetTick) for HAL_GetTick
[...]
    EXTI9_5_IRQHandler                       0x08000257   Thumb Code     0  startup_stm32f407xx.o(.text)
    FLASH_IRQHandler                         0x08000257   Thumb Code     0  startup_stm32f407xx.o(.text)
    FMC_IRQHandler                           0x08000257   Thumb Code     0  startup_stm32f407xx.o(.text)
    FPU_IRQHandler                           0x08000257   Thumb Code     0  startup_stm32f407xx.o(.text)
    HASH_RNG_IRQHandler                      0x08000257   Thumb Code     0  startup_stm32f407xx.o(.text)
    I2C1_ER_IRQHandler                       0x08000257   Thumb Code     0  startup_stm32f407xx.o(.text)
    I2C1_EV_IRQHandler                       0x08000257   Thumb Code     0  startup_stm32f407xx.o(.text)
    I2C2_ER_IRQHandler                       0x08000257   Thumb Code     0  startup_stm32f407xx.o(.text)
    I2C2_EV_IRQHandler                       0x08000257   Thumb Code     0  startup_stm32f407xx.o(.text)
    I2C3_ER_IRQHandler                       0x08000257   Thumb Code     0  startup_stm32f407xx.o(.text)
    I2C3_EV_IRQHandler                       0x08000257   Thumb Code     0  startup_stm32f407xx.o(.text)
    OTG_FS_IRQHandler                        0x08000257   Thumb Code     0  startup_stm32f407xx.o(.text)
    OTG_FS_WKUP_IRQHandler                   0x08000257   Thumb Code     0  startup_stm32f407xx.o(.text)
    OTG_HS_EP1_IN_IRQHandler                 0x08000257   Thumb Code     0  startup_stm32f407xx.o(.text)
    OTG_HS_EP1_OUT_IRQHandler                0x08000257   Thumb Code     0  startup_stm32f407xx.o(.text)
    OTG_HS_IRQHandler                        0x08000257   Thumb Code     0  startup_stm32f407xx.o(.text)
    OTG_HS_WKUP_IRQHandler                   0x08000257   Thumb Code     0  startup_stm32f407xx.o(.text)
    PVD_IRQHandler                           0x08000257   Thumb Code     0  startup_stm32f407xx.o(.text)
    RCC_IRQHandler                           0x08000257   Thumb Code     0  startup_stm32f407xx.o(.text)
    RTC_Alarm_IRQHandler                     0x08000257   Thumb Code     0  startup_stm32f407xx.o(.text)
    RTC_WKUP_IRQHandler                      0x08000257   Thumb Code     0  startup_stm32f407xx.o(.text)
    SDIO_IRQHandler                          0x08000257   Thumb Code     0  startup_stm32f407xx.o(.text)
    SPI1_IRQHandler                          0x08000257   Thumb Code     0  startup_stm32f407xx.o(.text)
    SPI2_IRQHandler                          0x08000257   Thumb Code     0  startup_stm32f407xx.o(.text)
    SPI3_IRQHandler                          0x08000257   Thumb Code     0  startup_stm32f407xx.o(.text)
    TAMP_STAMP_IRQHandler                    0x08000257   Thumb Code     0  startup_stm32f407xx.o(.text)
    TIM1_BRK_TIM9_IRQHandler                 0x08000257   Thumb Code     0  startup_stm32f407xx.o(.text)
    TIM1_CC_IRQHandler                       0x08000257   Thumb Code     0  startup_stm32f407xx.o(.text)
    TIM1_TRG_COM_TIM11_IRQHandler            0x08000257   Thumb Code     0  startup_stm32f407xx.o(.text)
    TIM1_UP_TIM10_IRQHandler                 0x08000257   Thumb Code     0  startup_stm32f407xx.o(.text)
    TIM2_IRQHandler                          0x08000257   Thumb Code     0  startup_stm32f407xx.o(.text)
    TIM3_IRQHandler                          0x08000257   Thumb Code     0  startup_stm32f407xx.o(.text)
    TIM4_IRQHandler                          0x08000257   Thumb Code     0  startup_stm32f407xx.o(.text)
    TIM5_IRQHandler                          0x08000257   Thumb Code     0  startup_stm32f407xx.o(.text)
    TIM6_DAC_IRQHandler                      0x08000257   Thumb Code     0  startup_stm32f407xx.o(.text)
    TIM7_IRQHandler                          0x08000257   Thumb Code     0  startup_stm32f407xx.o(.text)
    TIM8_BRK_TIM12_IRQHandler                0x08000257   Thumb Code     0  startup_stm32f407xx.o(.text)
    TIM8_CC_IRQHandler                       0x08000257   Thumb Code     0  startup_stm32f407xx.o(.text)
    TIM8_TRG_COM_TIM14_IRQHandler            0x08000257   Thumb Code     0  startup_stm32f407xx.o(.text)
    TIM8_UP_TIM13_IRQHandler                 0x08000257   Thumb Code     0  startup_stm32f407xx.o(.text)
    UART4_IRQHandler                         0x08000257   Thumb Code     0  startup_stm32f407xx.o(.text)
    UART5_IRQHandler                         0x08000257   Thumb Code     0  startup_stm32f407xx.o(.text)
    USART3_IRQHandler                        0x08000257   Thumb Code     0  startup_stm32f407xx.o(.text)
    USART6_IRQHandler                        0x08000257   Thumb Code     0  startup_stm32f407xx.o(.text)
    WWDG_IRQHandler                          0x08000257   Thumb Code     0  startup_stm32f407xx.o(.text)
    __user_initial_stackheap                 0x08000259   Thumb Code     0  startup_stm32f407xx.o(.text)
    __aeabi_uldivmod                         0x0800027d   Thumb Code     0  lludivv7m.o(.text)
    _ll_udiv                                 0x0800027d   Thumb Code   238  lludivv7m.o(.text)
    __2snprintf                              0x0800036d   Thumb Code    48  noretval__2snprintf.o(.text)
    _printf_pre_padding                      0x080003a1   Thumb Code    44  _printf_pad.o(.text)
    _printf_post_padding                     0x080003cd   Thumb Code    34  _printf_pad.o(.text)
    _printf_str                              0x080003ef   Thumb Code    82  _printf_str.o(.text)
    _printf_int_dec                          0x08000441   Thumb Code   104  _printf_dec.o(.text)
    _printf_int_hex                          0x080004b9   Thumb Code    84  _printf_hex_int.o(.text)
    _printf_longlong_hex                     0x080004b9   Thumb Code     0  _printf_hex_int.o(.text)
    __printf                                 0x08000511   Thumb Code   388  __printf_flags_ss_wp.o(.text)
    strlen                                   0x08000699   Thumb Code    62  strlen.o(.text)
    __aeabi_memcpy4                          0x080006d7   Thumb Code     0  rt_memcpy_w.o(.text)
    __aeabi_memcpy8                          0x080006d7   Thumb Code     0  rt_memcpy_w.o(.text)
    __rt_memcpy_w                            0x080006d7   Thumb Code   100  rt_memcpy_w.o(.text)
    _memcpy_lastbytes_aligned                0x0800071f   Thumb Code     0  rt_memcpy_w.o(.text)
    __aeabi_memclr4                          0x0800073b   Thumb Code     0  rt_memclr_w.o(.text)
    __aeabi_memclr8                          0x0800073b   Thumb Code     0  rt_memclr_w.o(.text)
    __rt_memclr_w                            0x0800073b   Thumb Code    78  rt_memclr_w.o(.text)
    _memset_w                                0x0800073f   Thumb Code     0  rt_memclr_w.o(.text)
    __use_two_region_memory                  0x08000789   Thumb Code     2  heapauxi.o(.text)
    __rt_heap_escrow$2region                 0x0800078b   Thumb Code     2  heapauxi.o(.text)
    __rt_heap_expand$2region                 0x0800078d   Thumb Code     2  heapauxi.o(.text)
    __read_errno                             0x0800078f   Thumb Code    10  _rserrno.o(.text)
    __set_errno                              0x08000799   Thumb Code    12  _rserrno.o(.text)
    _printf_int_common                       0x080007a5   Thumb Code   178  _printf_intcommon.o(.text)
    _printf_char_common                      0x08000863   Thumb Code    32  _printf_char_common.o(.text)
    _sputc                                   0x08000889   Thumb Code    10  _sputc.o(.text)
    _snputc                                  0x08000893   Thumb Code    16  _snputc.o(.text)
    _printf_cs_common                        0x080008a3   Thumb Code    20  _printf_char.o(.text)
    _printf_char                             0x080008b7   Thumb Code    16  _printf_char.o(.text)
    _printf_string                           0x080008c7   Thumb Code     8  _printf_char.o(.text)
    __aeabi_errno_addr                       0x080008d1   Thumb Code     8  rt_errno_addr_intlibspace.o(.text)
    __errno$intlibspace                      0x080008d1   Thumb Code     0  rt_errno_addr_intlibspace.o(.text)
    __rt_errno_addr$intlibspace              0x080008d1   Thumb Code     0  rt_errno_addr_intlibspace.o(.text)
    __user_libspace                          0x080008d9   Thumb Code     8  libspace.o(.text)
    __user_perproc_libspace                  0x080008d9   Thumb Code     0  libspace.o(.text)
    __user_perthread_libspace                0x080008d9   Thumb Code     0  libspace.o(.text)
    __user_setup_stackheap                   0x080008e1   Thumb Code    74  sys_stackheap_outer.o(.text)
    exit                                     0x0800092b   Thumb Code    18  exit.o(.text)
    _sys_exit                                0x0800093d   Thumb Code     8  sys_exit.o(.text)
    __I$use$semihosting                      0x08000949   Thumb Code     0  use_no_semi.o(.text)
    __use_no_semihosting_swi                 0x08000949   Thumb Code     2  use_no_semi.o(.text)
    __semihosting_library_function           0x0800094b   Thumb Code     0  indicate_semi.o(.text)
    BspBoard_KeyRead                         0x08000ae9   Thumb Code    50  bsp_board.o(i.BspBoard_KeyRead)
    BspBoard_LedWrite                        0x08000b21   Thumb Code    18  bsp_board.o(i.BspBoard_LedWrite)
    BspUart_FpgaWrite                        0x08000b39   Thumb Code    22  bsp_uart.o(i.BspUart_FpgaWrite)
    BspUart_HmiWrite                         0x08000b55   Thumb Code    22  bsp_uart.o(i.BspUart_HmiWrite)
    BspUart_Poll                             0x08000b71   Thumb Code    16  bsp_uart.o(i.BspUart_Poll)
    BspUart_Start                            0x08000b85   Thumb Code     4  bsp_uart.o(i.BspUart_Start)
    BusFault_Handler                         0x08000b89   Thumb Code     2  stm32f4xx_it.o(i.BusFault_Handler)
    Cap_Busy                                 0x08000b8d   Thumb Code     6  adc.o(i.Cap_Busy)
    Cap_Count                                0x08000b99   Thumb Code    14  adc.o(i.Cap_Count)
    Cap_Fs                                   0x08000bad   Thumb Code     6  adc.o(i.Cap_Fs)
    Cap_Main                                 0x08000bb9   Thumb Code    10  adc.o(i.Cap_Main)
    Cap_Ref                                  0x08000bc9   Thumb Code    10  adc.o(i.Cap_Ref)
    Cap_Start                                0x08000bd9   Thumb Code   142  adc.o(i.Cap_Start)
    DAC_DMAConvCpltCh1                       0x08000c81   Thumb Code    16  stm32f4xx_hal_dac.o(i.DAC_DMAConvCpltCh1)
    DAC_DMAConvCpltCh2                       0x08000c91   Thumb Code    16  stm32f4xx_hal_dac_ex.o(i.DAC_DMAConvCpltCh2)
    DAC_DMAErrorCh1                          0x08000ca1   Thumb Code    24  stm32f4xx_hal_dac.o(i.DAC_DMAErrorCh1)
    DAC_DMAErrorCh2                          0x08000cb9   Thumb Code    24  stm32f4xx_hal_dac_ex.o(i.DAC_DMAErrorCh2)
    DAC_DMAHalfConvCpltCh1                   0x08000cd1   Thumb Code    10  stm32f4xx_hal_dac.o(i.DAC_DMAHalfConvCpltCh1)
    DAC_DMAHalfConvCpltCh2                   0x08000cdb   Thumb Code    10  stm32f4xx_hal_dac_ex.o(i.DAC_DMAHalfConvCpltCh2)
    DMA1_Stream5_IRQHandler                  0x08000ce5   Thumb Code     6  stm32f4xx_it.o(i.DMA1_Stream5_IRQHandler)
    DMA2_Stream0_IRQHandler                  0x08000cf1   Thumb Code     6  stm32f4xx_it.o(i.DMA2_Stream0_IRQHandler)
    Dac_StartStream                          0x08000da1   Thumb Code    66  dac.o(i.Dac_StartStream)
    DebugMon_Handler                         0x08000ded   Thumb Code     2  stm32f4xx_it.o(i.DebugMon_Handler)
    Emu_Abort                                0x08000df1   Thumb Code    18  emulate_engine.o(i.Emu_Abort)
    Emu_ErrCode                              0x08000e09   Thumb Code     6  emulate_engine.o(i.Emu_ErrCode)
    Emu_Init                                 0x08000e15   Thumb Code    14  emulate_engine.o(i.Emu_Init)
    Emu_Input                                0x08000e29   Thumb Code     4  emulate_engine.o(i.Emu_Input)
    Emu_OutputVpp_mV                         0x08000e31   Thumb Code    20  emulate_engine.o(i.Emu_OutputVpp_mV)
    Emu_Poll                                 0x08000e45   Thumb Code   568  emulate_engine.o(i.Emu_Poll)
    Emu_SnappedFreqHz                        0x0800109d   Thumb Code     6  emulate_engine.o(i.Emu_SnappedFreqHz)
    Emu_Start                                0x080010a9   Thumb Code    26  emulate_engine.o(i.Emu_Start)
    Emu_State                                0x080010c9   Thumb Code     6  emulate_engine.o(i.Emu_State)
    Error_Handler                            0x080010d5   Thumb Code     4  main.o(i.Error_Handler)
    FpgaCtrl_Basic2Supported                 0x080010d9   Thumb Code    44  fpga_ctrl.o(i.FpgaCtrl_Basic2Supported)
    FpgaCtrl_SendBasic2Freq                  0x08001109   Thumb Code    88  fpga_ctrl.o(i.FpgaCtrl_SendBasic2Freq)
    FpgaCtrl_SendBasic4                      0x08001169   Thumb Code    98  fpga_ctrl.o(i.FpgaCtrl_SendBasic4)
    FpgaCtrl_SendLearnStep                   0x080011d1   Thumb Code     8  fpga_ctrl.o(i.FpgaCtrl_SendLearnStep)
    FpgaCtrl_SendStopHint                    0x080011dd   Thumb Code     4  fpga_ctrl.o(i.FpgaCtrl_SendStopHint)
    GApp_Init                                0x080011e1   Thumb Code   112  g_app.o(i.GApp_Init)
    GApp_OnHmiRxByte                         0x0800125d   Thumb Code    28  g_app.o(i.GApp_OnHmiRxByte)
    GApp_Poll                                0x08001281   Thumb Code   146  g_app.o(i.GApp_Poll)
    HAL_ADCEx_MultiModeConfigChannel         0x0800131d   Thumb Code    78  stm32f4xx_hal_adc_ex.o(i.HAL_ADCEx_MultiModeConfigChannel)
    HAL_ADCEx_MultiModeStart_DMA             0x08001371   Thumb Code   248  stm32f4xx_hal_adc_ex.o(i.HAL_ADCEx_MultiModeStart_DMA)
    HAL_ADCEx_MultiModeStop_DMA              0x08001481   Thumb Code    90  stm32f4xx_hal_adc_ex.o(i.HAL_ADCEx_MultiModeStop_DMA)
    HAL_ADC_ConfigChannel                    0x080014e1   Thumb Code   316  stm32f4xx_hal_adc.o(i.HAL_ADC_ConfigChannel)
    HAL_ADC_ConvCpltCallback                 0x0800162d   Thumb Code    42  adc.o(i.HAL_ADC_ConvCpltCallback)
    HAL_ADC_ConvHalfCpltCallback             0x08001669   Thumb Code     2  stm32f4xx_hal_adc.o(i.HAL_ADC_ConvHalfCpltCallback)
    HAL_ADC_ErrorCallback                    0x0800166d   Thumb Code    40  adc.o(i.HAL_ADC_ErrorCallback)
    HAL_ADC_Init                             0x080016a5   Thumb Code    84  stm32f4xx_hal_adc.o(i.HAL_ADC_Init)
    HAL_ADC_MspInit                          0x080016f9   Thumb Code   184  adc.o(i.HAL_ADC_MspInit)
    HAL_ADC_Start                            0x080017cd   Thumb Code   228  stm32f4xx_hal_adc.o(i.HAL_ADC_Start)
    HAL_ADC_Stop                             0x080018c9   Thumb Code    60  stm32f4xx_hal_adc.o(i.HAL_ADC_Stop)
    HAL_DACEx_ConvCpltCallbackCh2            0x08001905   Thumb Code     2  stm32f4xx_hal_dac_ex.o(i.HAL_DACEx_ConvCpltCallbackCh2)
    HAL_DACEx_ConvHalfCpltCallbackCh2        0x08001907   Thumb Code     2  stm32f4xx_hal_dac_ex.o(i.HAL_DACEx_ConvHalfCpltCallbackCh2)
    HAL_DACEx_ErrorCallbackCh2               0x08001909   Thumb Code     2  stm32f4xx_hal_dac_ex.o(i.HAL_DACEx_ErrorCallbackCh2)
    HAL_DAC_ConfigChannel                    0x0800190b   Thumb Code    78  stm32f4xx_hal_dac.o(i.HAL_DAC_ConfigChannel)
    HAL_DAC_ConvCpltCallbackCh1              0x08001959   Thumb Code    10  dac.o(i.HAL_DAC_ConvCpltCallbackCh1)
    HAL_DAC_ConvHalfCpltCallbackCh1          0x08001969   Thumb Code    10  dac.o(i.HAL_DAC_ConvHalfCpltCallbackCh1)
    HAL_DAC_ErrorCallbackCh1                 0x08001979   Thumb Code     2  stm32f4xx_hal_dac.o(i.HAL_DAC_ErrorCallbackCh1)
    HAL_DAC_Init                             0x0800197b   Thumb Code    40  stm32f4xx_hal_dac.o(i.HAL_DAC_Init)
    HAL_DAC_MspInit                          0x080019a5   Thumb Code   142  dac.o(i.HAL_DAC_MspInit)
    HAL_DAC_Start_DMA                        0x08001a49   Thumb Code   200  stm32f4xx_hal_dac.o(i.HAL_DAC_Start_DMA)
    HAL_DMA_Abort                            0x08001b29   Thumb Code   146  stm32f4xx_hal_dma.o(i.HAL_DMA_Abort)
    HAL_DMA_Abort_IT                         0x08001bbb   Thumb Code    36  stm32f4xx_hal_dma.o(i.HAL_DMA_Abort_IT)
    HAL_DMA_IRQHandler                       0x08001be1   Thumb Code   412  stm32f4xx_hal_dma.o(i.HAL_DMA_IRQHandler)
    HAL_DMA_Init                             0x08001d81   Thumb Code   206  stm32f4xx_hal_dma.o(i.HAL_DMA_Init)
    HAL_DMA_Start_IT                         0x08001e55   Thumb Code   110  stm32f4xx_hal_dma.o(i.HAL_DMA_Start_IT)
    HAL_GPIO_Init                            0x08001ec5   Thumb Code   450  stm32f4xx_hal_gpio.o(i.HAL_GPIO_Init)
    HAL_GPIO_ReadPin                         0x080020b5   Thumb Code    10  stm32f4xx_hal_gpio.o(i.HAL_GPIO_ReadPin)
    HAL_GPIO_WritePin                        0x080020bf   Thumb Code    10  stm32f4xx_hal_gpio.o(i.HAL_GPIO_WritePin)
    HAL_GetTick                              0x080020c9   Thumb Code     6  stm32f4xx_hal.o(i.HAL_GetTick)
    HAL_IncTick                              0x080020d5   Thumb Code    12  stm32f4xx_hal.o(i.HAL_IncTick)
    HAL_Init                                 0x080020e5   Thumb Code    48  stm32f4xx_hal.o(i.HAL_Init)
    HAL_InitTick                             0x08002119   Thumb Code    54  stm32f4xx_hal.o(i.HAL_InitTick)
    HAL_MspInit                              0x08002159   Thumb Code    42  stm32f4xx_hal_msp.o(i.HAL_MspInit)
    HAL_NVIC_EnableIRQ                       0x08002189   Thumb Code    26  stm32f4xx_hal_cortex.o(i.HAL_NVIC_EnableIRQ)
    HAL_NVIC_SetPriority                     0x080021a5   Thumb Code    60  stm32f4xx_hal_cortex.o(i.HAL_NVIC_SetPriority)
    HAL_NVIC_SetPriorityGrouping             0x080021e5   Thumb Code    26  stm32f4xx_hal_cortex.o(i.HAL_NVIC_SetPriorityGrouping)
    HAL_RCC_ClockConfig                      0x08002209   Thumb Code   288  stm32f4xx_hal_rcc.o(i.HAL_RCC_ClockConfig)
    HAL_RCC_GetPCLK1Freq                     0x0800233d   Thumb Code    20  stm32f4xx_hal_rcc.o(i.HAL_RCC_GetPCLK1Freq)
    HAL_RCC_GetPCLK2Freq                     0x0800235d   Thumb Code    20  stm32f4xx_hal_rcc.o(i.HAL_RCC_GetPCLK2Freq)
    HAL_RCC_GetSysClockFreq                  0x0800237d   Thumb Code    88  stm32f4xx_hal_rcc.o(i.HAL_RCC_GetSysClockFreq)
    HAL_RCC_OscConfig                        0x080023dd   Thumb Code   856  stm32f4xx_hal_rcc.o(i.HAL_RCC_OscConfig)
    HAL_SYSTICK_Config                       0x08002749   Thumb Code    40  stm32f4xx_hal_cortex.o(i.HAL_SYSTICK_Config)
    HAL_TIMEx_MasterConfigSynchronization    0x08002771   Thumb Code   116  stm32f4xx_hal_tim_ex.o(i.HAL_TIMEx_MasterConfigSynchronization)
    HAL_TIM_Base_Init                        0x08002801   Thumb Code    90  stm32f4xx_hal_tim.o(i.HAL_TIM_Base_Init)
    HAL_TIM_Base_MspInit                     0x0800285d   Thumb Code    52  tim.o(i.HAL_TIM_Base_MspInit)
    HAL_TIM_Base_Start                       0x08002899   Thumb Code    90  stm32f4xx_hal_tim.o(i.HAL_TIM_Base_Start)
    HAL_TIM_Base_Stop                        0x08002911   Thumb Code    38  stm32f4xx_hal_tim.o(i.HAL_TIM_Base_Stop)
    HAL_TIM_ConfigClockSource                0x08002937   Thumb Code   220  stm32f4xx_hal_tim.o(i.HAL_TIM_ConfigClockSource)
    HAL_UARTEx_RxEventCallback               0x08002a13   Thumb Code     2  stm32f4xx_hal_uart.o(i.HAL_UARTEx_RxEventCallback)
    HAL_UART_ErrorCallback                   0x08002a15   Thumb Code    12  bsp_uart.o(i.HAL_UART_ErrorCallback)
    HAL_UART_IRQHandler                      0x08002a25   Thumb Code   636  stm32f4xx_hal_uart.o(i.HAL_UART_IRQHandler)
    HAL_UART_Init                            0x08002ca5   Thumb Code   100  stm32f4xx_hal_uart.o(i.HAL_UART_Init)
    HAL_UART_MspInit                         0x08002d09   Thumb Code   170  stm32f4xx_hal_msp.o(i.HAL_UART_MspInit)
    HAL_UART_Receive_IT                      0x08002dc5   Thumb Code    28  stm32f4xx_hal_uart.o(i.HAL_UART_Receive_IT)
    HAL_UART_RxCpltCallback                  0x08002de1   Thumb Code    26  bsp_uart.o(i.HAL_UART_RxCpltCallback)
    HAL_UART_Transmit                        0x08002e05   Thumb Code   160  stm32f4xx_hal_uart.o(i.HAL_UART_Transmit)
    HAL_UART_TxCpltCallback                  0x08002ea5   Thumb Code     2  stm32f4xx_hal_uart.o(i.HAL_UART_TxCpltCallback)
    HardFault_Handler                        0x08002ea7   Thumb Code     2  stm32f4xx_it.o(i.HardFault_Handler)
    HmiProtocol_Init                         0x08002ea9   Thumb Code    16  hmi_protocol.o(i.HmiProtocol_Init)
    HmiProtocol_LastError                    0x08002eb9   Thumb Code     4  hmi_protocol.o(i.HmiProtocol_LastError)
    HmiProtocol_PushByte                     0x08002ebd   Thumb Code   190  hmi_protocol.o(i.HmiProtocol_PushByte)
    HmiScreen_Goto                           0x08002f7d   Thumb Code    34  hmi_screen.o(i.HmiScreen_Goto)
    HmiScreen_Init                           0x08002fa9   Thumb Code    20  hmi_screen.o(i.HmiScreen_Init)
    HmiScreen_SetMode                        0x08002fbd   Thumb Code   244  hmi_screen.o(i.HmiScreen_SetMode)
    HmiScreen_SetRunState                    0x080030e9   Thumb Code   234  hmi_screen.o(i.HmiScreen_SetRunState)
    HmiScreen_SetWave                        0x080031f5   Thumb Code   242  hmi_screen.o(i.HmiScreen_SetWave)
    HmiScreen_ShowBasic                      0x08003301   Thumb Code   182  hmi_screen.o(i.HmiScreen_ShowBasic)
    HmiScreen_ShowBasicMeasure               0x080033d9   Thumb Code    72  hmi_screen.o(i.HmiScreen_ShowBasicMeasure)
    HmiScreen_ShowBasicNote                  0x0800342d   Thumb Code    74  hmi_screen.o(i.HmiScreen_ShowBasicNote)
    HmiScreen_ShowCalibDuty                  0x08003477   Thumb Code    72  hmi_screen.o(i.HmiScreen_ShowCalibDuty)
    HmiScreen_ShowCalibMeasure               0x080034c1   Thumb Code    70  hmi_screen.o(i.HmiScreen_ShowCalibMeasure)
    HmiScreen_ShowEmulateInput               0x0800351d   Thumb Code   226  hmi_screen.o(i.HmiScreen_ShowEmulateInput)
    HmiScreen_ShowEmulateMeasure             0x08003629   Thumb Code   150  hmi_screen.o(i.HmiScreen_ShowEmulateMeasure)
    HmiScreen_ShowError                      0x080036ed   Thumb Code   136  hmi_screen.o(i.HmiScreen_ShowError)
    HmiScreen_ShowLearnLive                  0x08003795   Thumb Code    56  hmi_screen.o(i.HmiScreen_ShowLearnLive)
    HmiScreen_ShowLearnProgress              0x080037dd   Thumb Code   178  hmi_screen.o(i.HmiScreen_ShowLearnProgress)
    HmiScreen_ShowLearnResult                0x0800389d   Thumb Code   128  hmi_screen.o(i.HmiScreen_ShowLearnResult)
    KnownModel_Calc                          0x08003945   Thumb Code   100  known_model.o(i.KnownModel_Calc)
    KnownModel_Gain                          0x080039b1   Thumb Code   192  known_model.o(i.KnownModel_Gain)
    KnownModel_InputVpp                      0x08003aa1   Thumb Code    76  known_model.o(i.KnownModel_InputVpp)
    KnownModel_Input_mVpp                    0x08003af5   Thumb Code   142  known_model.o(i.KnownModel_Input_mVpp)
    Learn_Abort                              0x08003bad   Thumb Code    16  learn_engine.o(i.Learn_Abort)
    Learn_CurrentFreqHz                      0x08003bc1   Thumb Code    24  learn_engine.o(i.Learn_CurrentFreqHz)
    Learn_ErrCode                            0x08003bdd   Thumb Code     6  learn_engine.o(i.Learn_ErrCode)
    Learn_Init                               0x08003be9   Thumb Code    18  learn_engine.o(i.Learn_Init)
    Learn_Model                              0x08003c05   Thumb Code     4  learn_engine.o(i.Learn_Model)
    Learn_Percent                            0x08003c0d   Thumb Code    38  learn_engine.o(i.Learn_Percent)
    Learn_Poll                               0x08003c39   Thumb Code   468  learn_engine.o(i.Learn_Poll)
    Learn_Start                              0x08003e31   Thumb Code    54  learn_engine.o(i.Learn_Start)
    Learn_State                              0x08003e75   Thumb Code     6  learn_engine.o(i.Learn_State)
    MX_ADC1_Init                             0x08003e81   Thumb Code   126  adc.o(i.MX_ADC1_Init)
    MX_ADC2_Init                             0x08003f09   Thumb Code    88  adc.o(i.MX_ADC2_Init)
    MX_DAC_Init                              0x08003f6d   Thumb Code    52  dac.o(i.MX_DAC_Init)
    MX_DMA_Init                              0x08003fa9   Thumb Code    72  dma.o(i.MX_DMA_Init)
    MX_GPIO_Init                             0x08003ff5   Thumb Code   146  gpio.o(i.MX_GPIO_Init)
    MX_TIM2_Init                             0x08004095   Thumb Code    94  tim.o(i.MX_TIM2_Init)
    MX_TIM6_Init                             0x080040f9   Thumb Code    58  tim.o(i.MX_TIM6_Init)
    MX_USART1_UART_Init                      0x0800413d   Thumb Code    48  usart.o(i.MX_USART1_UART_Init)
    MX_USART2_UART_Init                      0x08004175   Thumb Code    48  usart.o(i.MX_USART2_UART_Init)
    MemManage_Handler                        0x080041ad   Thumb Code     2  stm32f4xx_it.o(i.MemManage_Handler)
    NMI_Handler                              0x080041af   Thumb Code     2  stm32f4xx_it.o(i.NMI_Handler)
    PendSV_Handler                           0x080041b1   Thumb Code     2  stm32f4xx_it.o(i.PendSV_Handler)
    RlcModel_Fit                             0x080041b5   Thumb Code   456  rlc_model.o(i.RlcModel_Fit)
    RlcModel_Mag                             0x080043b5   Thumb Code   170  rlc_model.o(i.RlcModel_Mag)
    RlcModel_Response                        0x08004471   Thumb Code   230  rlc_model.o(i.RlcModel_Response)
    SVC_Handler                              0x08004569   Thumb Code     2  stm32f4xx_it.o(i.SVC_Handler)
    SigMeas_Analyze                          0x0800456d   Thumb Code   414  signal_meas.o(i.SigMeas_Analyze)
    SigMeas_FoldPeriod                       0x08004719   Thumb Code   390  signal_meas.o(i.SigMeas_FoldPeriod)
    SigMeas_Harmonics                        0x080048b9   Thumb Code   302  signal_meas.o(i.SigMeas_Harmonics)
    SigMeas_RmsAc                            0x080049f9   Thumb Code    50  signal_meas.o(i.SigMeas_RmsAc)
    SigMeas_SnapDuty5                        0x08004a31   Thumb Code    44  signal_meas.o(i.SigMeas_SnapDuty5)
    SigMeas_SnapFreq200                      0x08004a5d   Thumb Code   110  signal_meas.o(i.SigMeas_SnapFreq200)
    SysTick_Handler                          0x08004add   Thumb Code     4  stm32f4xx_it.o(i.SysTick_Handler)
    SystemClock_Config                       0x08004ae1   Thumb Code   134  main.o(i.SystemClock_Config)
    SystemInit                               0x08004b71   Thumb Code    12  system_stm32f4xx.o(i.SystemInit)
    TIM_Base_SetConfig                       0x08004b81   Thumb Code   164  stm32f4xx_hal_tim.o(i.TIM_Base_SetConfig)
    TIM_ETR_SetConfig                        0x08004c51   Thumb Code    20  stm32f4xx_hal_tim.o(i.TIM_ETR_SetConfig)
    UART_Start_Receive_IT                    0x08004ee5   Thumb Code    54  stm32f4xx_hal_uart.o(i.UART_Start_Receive_IT)
    USART1_IRQHandler                        0x08004f8d   Thumb Code     6  stm32f4xx_it.o(i.USART1_IRQHandler)
    USART2_IRQHandler                        0x08004f99   Thumb Code     6  stm32f4xx_it.o(i.USART2_IRQHandler)
    UsageFault_Handler                       0x08004fa5   Thumb Code     2  stm32f4xx_it.o(i.UsageFault_Handler)
    WaveOut_BuildSine                        0x08004fa9   Thumb Code    94  wave_out.o(i.WaveOut_BuildSine)
    WaveOut_BuildSquare                      0x08005019   Thumb Code   100  wave_out.o(i.WaveOut_BuildSquare)
    WaveOut_Enable                           0x08005085   Thumb Code    14  wave_out.o(i.WaveOut_Enable)
    WaveOut_FillBlock                        0x08005099   Thumb Code    70  wave_out.o(i.WaveOut_FillBlock)
    WaveOut_IsEnabled                        0x080050e9   Thumb Code     6  wave_out.o(i.WaveOut_IsEnabled)
    WaveOut_LoadWave                         0x080050f5   Thumb Code   236  wave_out.o(i.WaveOut_LoadWave)
    WaveOut_SetFreqMilliHz                   0x080051f9   Thumb Code    20  wave_out.o(i.WaveOut_SetFreqMilliHz)
    WaveOut_TableVpp                         0x08005215   Thumb Code     6  wave_out.o(i.WaveOut_TableVpp)
    __ARM_fpclassify                         0x08005221   Thumb Code    48  fpclassify.o(i.__ARM_fpclassify)
    __ARM_fpclassifyf                        0x08005251   Thumb Code    38  fpclassifyf.o(i.__ARM_fpclassifyf)
    __hardfp_cos                             0x08005299   Thumb Code   180  cos.o(i.__hardfp_cos)
    __hardfp_cosf                            0x08005361   Thumb Code   280  cosf.o(i.__hardfp_cosf)
    __hardfp_expf                            0x080054b1   Thumb Code   426  expf.o(i.__hardfp_expf)
    __mathlib_expf                           0x080054b1   Thumb Code     0  expf.o(i.__hardfp_expf)
    __hardfp_fmod                            0x08005699   Thumb Code   254  fmod.o(i.__hardfp_fmod)
    __hardfp_logf                            0x0800579d   Thumb Code   320  logf.o(i.__hardfp_logf)
    __mathlib_logf                           0x0800579d   Thumb Code     0  logf.o(i.__hardfp_logf)
    __hardfp_sin                             0x08005909   Thumb Code   180  sin.o(i.__hardfp_sin)
    __hardfp_sinf                            0x080059d1   Thumb Code   344  sinf.o(i.__hardfp_sinf)
    __hardfp_sqrt                            0x08005b61   Thumb Code   122  sqrt.o(i.__hardfp_sqrt)
    __hardfp_sqrtf                           0x08005bdb   Thumb Code    58  sqrtf.o(i.__hardfp_sqrtf)
    __ieee754_rem_pio2                       0x08005c19   Thumb Code   938  rred.o(i.__ieee754_rem_pio2)
    __kernel_cos                             0x08006051   Thumb Code   322  cos_i.o(i.__kernel_cos)
    __kernel_poly                            0x080061c1   Thumb Code   248  poly.o(i.__kernel_poly)
    __kernel_sin                             0x080062b9   Thumb Code   280  sin_i.o(i.__kernel_sin)
    __mathlib_dbl_infnan                     0x080063e9   Thumb Code    20  dunder.o(i.__mathlib_dbl_infnan)
    __mathlib_dbl_invalid                    0x08006401   Thumb Code    24  dunder.o(i.__mathlib_dbl_invalid)
    __mathlib_dbl_underflow                  0x08006421   Thumb Code    24  dunder.o(i.__mathlib_dbl_underflow)
    __mathlib_flt_divzero                    0x08006441   Thumb Code    14  funder.o(i.__mathlib_flt_divzero)
    __mathlib_flt_infnan                     0x08006455   Thumb Code     6  funder.o(i.__mathlib_flt_infnan)
    __mathlib_flt_invalid                    0x0800645d   Thumb Code    10  funder.o(i.__mathlib_flt_invalid)
    __mathlib_flt_overflow                   0x0800646d   Thumb Code    10  funder.o(i.__mathlib_flt_overflow)
    __mathlib_flt_underflow                  0x0800647d   Thumb Code    10  funder.o(i.__mathlib_flt_underflow)
    __mathlib_rredf2                         0x0800648d   Thumb Code   316  rredf.o(i.__mathlib_rredf2)
    _is_digit                                0x080065e1   Thumb Code    14  __printf_wp.o(i._is_digit)
    fabs                                     0x08006db5   Thumb Code    24  fabs.o(i.fabs)
    main                                     0x08007019   Thumb Code    82  main.o(i.main)
    __aeabi_dneg                             0x08007b79   Thumb Code     0  basic.o(x$fpl$basic)
    _dneg                                    0x08007b79   Thumb Code     6  basic.o(x$fpl$basic)
    __aeabi_fneg                             0x08007b7f   Thumb Code     0  basic.o(x$fpl$basic)
    _fneg                                    0x08007b7f   Thumb Code     6  basic.o(x$fpl$basic)
    _dabs                                    0x08007b85   Thumb Code     6  basic.o(x$fpl$basic)
    _fabs                                    0x08007b8b   Thumb Code     6  basic.o(x$fpl$basic)
    __aeabi_d2f                              0x08007b91   Thumb Code     0  d2f.o(x$fpl$d2f)
    _d2f                                     0x08007b91   Thumb Code    98  d2f.o(x$fpl$d2f)
    __aeabi_dadd                             0x08007bf5   Thumb Code     0  daddsub_clz.o(x$fpl$dadd)
    _dadd                                    0x08007bf5   Thumb Code   332  daddsub_clz.o(x$fpl$dadd)
    __fpl_dcmp_Inf                           0x08007d45   Thumb Code    24  dcmpi.o(x$fpl$dcmpinf)
    __aeabi_ddiv                             0x08007d5d   Thumb Code     0  ddiv.o(x$fpl$ddiv)
    _ddiv                                    0x08007d5d   Thumb Code   552  ddiv.o(x$fpl$ddiv)
    __aeabi_d2iz                             0x0800800d   Thumb Code     0  dfix.o(x$fpl$dfix)
    _dfix                                    0x0800800d   Thumb Code    94  dfix.o(x$fpl$dfix)
    __aeabi_d2uiz                            0x0800806d   Thumb Code     0  dfixu.o(x$fpl$dfixu)
    _dfixu                                   0x0800806d   Thumb Code    90  dfixu.o(x$fpl$dfixu)
    __aeabi_i2d                              0x080080c7   Thumb Code     0  dflt_clz.o(x$fpl$dflt)
    _dflt                                    0x080080c7   Thumb Code    46  dflt_clz.o(x$fpl$dflt)
    __aeabi_ui2d                             0x080080f5   Thumb Code     0  dflt_clz.o(x$fpl$dfltu)
    _dfltu                                   0x080080f5   Thumb Code    38  dflt_clz.o(x$fpl$dfltu)
    __aeabi_cdcmple                          0x0800811d   Thumb Code     0  dleqf.o(x$fpl$dleqf)
    _dcmple                                  0x0800811d   Thumb Code   120  dleqf.o(x$fpl$dleqf)
    __fpl_dcmple_InfNaN                      0x0800817f   Thumb Code     0  dleqf.o(x$fpl$dleqf)
    __aeabi_dmul                             0x08008195   Thumb Code     0  dmul.o(x$fpl$dmul)
    _dmul                                    0x08008195   Thumb Code   332  dmul.o(x$fpl$dmul)
    __fpl_dnaninf                            0x080082e9   Thumb Code   156  dnaninf.o(x$fpl$dnaninf)
    _drem                                    0x08008385   Thumb Code   328  drem_clz.o(x$fpl$drem)
    __fpl_dretinf                            0x080084d5   Thumb Code    12  dretinf.o(x$fpl$dretinf)
    __aeabi_cdrcmple                         0x080084e1   Thumb Code     0  drleqf.o(x$fpl$drleqf)
    _drcmple                                 0x080084e1   Thumb Code   108  drleqf.o(x$fpl$drleqf)
    __aeabi_drsub                            0x0800854d   Thumb Code     0  daddsub_clz.o(x$fpl$drsb)
    _drsb                                    0x0800854d   Thumb Code    22  daddsub_clz.o(x$fpl$drsb)
    _dsqrt                                   0x08008565   Thumb Code   404  dsqrt_umaal.o(x$fpl$dsqrt)
    __aeabi_dsub                             0x080086fd   Thumb Code     0  daddsub_clz.o(x$fpl$dsub)
    _dsub                                    0x080086fd   Thumb Code   464  daddsub_clz.o(x$fpl$dsub)
    __aeabi_f2d                              0x080088d1   Thumb Code     0  f2d.o(x$fpl$f2d)
    _f2d                                     0x080088d1   Thumb Code    86  f2d.o(x$fpl$f2d)
    __fpl_fnaninf                            0x08008927   Thumb Code   140  fnaninf.o(x$fpl$fnaninf)
    _fp_init                                 0x080089b3   Thumb Code    10  fpinit.o(x$fpl$fpinit)
    __fplib_config_fpu_vfp                   0x080089bb   Thumb Code     0  fpinit.o(x$fpl$fpinit)
    __fplib_config_pureend_doubles           0x080089bb   Thumb Code     0  fpinit.o(x$fpl$fpinit)
    __fpl_fretinf                            0x080089bd   Thumb Code    10  fretinf.o(x$fpl$fretinf)
    __aeabi_d2ulz                            0x080089c9   Thumb Code     0  dfixull.o(x$fpl$llufromd)
    _ll_ufrom_d                              0x080089c9   Thumb Code   120  dfixull.o(x$fpl$llufromd)
    __I$use$fp                               0x08008a40   Number         0  usenofp.o(x$fpl$usenofp)
    g_fpga_basic4                            0x08008a75   Data         990  fpga_ctrl_table.o(.constdata)
    AHBPrescTable                            0x08008e60   Data          16  system_stm32f4xx.o(.constdata)
    APBPrescTable                            0x08008e70   Data           8  system_stm32f4xx.o(.constdata)
    Region$$Table$$Base                      0x080090b8   Number         0  anon$$obj.o(Region$$Table)
    Region$$Table$$Limit                     0x080090d8   Number         0  anon$$obj.o(Region$$Table)
    uwTickFreq                               0x20000000   Data           1  stm32f4xx_hal.o(.data)
    uwTickPrio                               0x20000004   Data           4  stm32f4xx_hal.o(.data)
    uwTick                                   0x20000008   Data           4  stm32f4xx_hal.o(.data)
    SystemCoreClock                          0x200000ac   Data           4  system_stm32f4xx.o(.data)
    huart1                                   0x200000b0   Data          72  usart.o(.bss)
    huart2                                   0x200000f8   Data          72  usart.o(.bss)
    hadc1                                    0x20008140   Data          72  adc.o(.bss)
    hadc2                                    0x20008188   Data          72  adc.o(.bss)
    hdma_adc1                                0x200081d0   Data          96  adc.o(.bss)
    hdac                                     0x20009230   Data          20  dac.o(.bss)
    hdma_dac1                                0x20009244   Data          96  dac.o(.bss)
    htim2                                    0x200092a4   Data          72  tim.o(.bss)
    htim6                                    0x200092ec   Data          72  tim.o(.bss)
    __libspace_start                         0x2001088c   Data          96  libspace.o(.bss)
    __temporary_stack_top$libspace           0x200108ec   Data           0  libspace.o(.bss)



==============================================================================

Memory Map of the image

  Image Entry point : 0x08000189

  Load Region LR_IROM1 (Base: 0x08000000, Size: 0x00009188, Max: 0x00100000, ABSOLUTE)

    Execution Region ER_IROM1 (Exec base: 0x08000000, Load base: 0x08000000, Size: 0x000090d8, Max: 0x00100000, ABSOLUTE)

    Exec Addr    Load Addr    Size         Type   Attr      Idx    E Section Name        Object

    0x08000000   0x08000000   0x00000188   Data   RO            3    RESET               startup_stm32f407xx.o
    0x08000188   0x08000188   0x00000008   Code   RO         4595  * !!!main             c_w.l(__main.o)
    0x08000190   0x08000190   0x00000034   Code   RO         5008    !!!scatter          c_w.l(__scatter.o)
    0x080001c4   0x080001c4   0x0000001a   Code   RO         5010    !!handler_copy      c_w.l(__scatter_copy.o)
    0x080001de   0x080001de   0x00000002   PAD
    0x080001e0   0x080001e0   0x0000001c   Code   RO         5012    !!handler_zi        c_w.l(__scatter_zi.o)
    0x080001fc   0x080001fc   0x00000000   Code   RO         4586    .ARM.Collect$$_printf_percent$$00000000  c_w.l(_printf_percent.o)
    0x080001fc   0x080001fc   0x00000006   Code   RO         4585    .ARM.Collect$$_printf_percent$$0000000A  c_w.l(_printf_u.o)
    0x08000202   0x08000202   0x00000006   Code   RO         4584    .ARM.Collect$$_printf_percent$$0000000C  c_w.l(_printf_x.o)
    0x08000208   0x08000208   0x00000006   Code   RO         4583    .ARM.Collect$$_printf_percent$$00000014  c_w.l(_printf_s.o)
    0x0800020e   0x0800020e   0x00000004   Code   RO         4760    .ARM.Collect$$_printf_percent$$00000017  c_w.l(_printf_percent_end.o)
    0x08000212   0x08000212   0x00000002   Code   RO         4881    .ARM.Collect$$libinit$$00000000  c_w.l(libinit.o)
    0x08000214   0x08000214   0x00000004   Code   RO         4890    .ARM.Collect$$libinit$$00000001  c_w.l(libinit2.o)
    0x08000218   0x08000218   0x00000000   Code   RO         4893    .ARM.Collect$$libinit$$00000004  c_w.l(libinit2.o)
    0x08000218   0x08000218   0x00000000   Code   RO         4896    .ARM.Collect$$libinit$$0000000A  c_w.l(libinit2.o)
    0x08000218   0x08000218   0x00000000   Code   RO         4898    .ARM.Collect$$libinit$$0000000C  c_w.l(libinit2.o)
    0x08000218   0x08000218   0x00000000   Code   RO         4900    .ARM.Collect$$libinit$$0000000E  c_w.l(libinit2.o)
    0x08000218   0x08000218   0x00000000   Code   RO         4903    .ARM.Collect$$libinit$$00000011  c_w.l(libinit2.o)
    0x08000218   0x08000218   0x00000000   Code   RO         4905    .ARM.Collect$$libinit$$00000013  c_w.l(libinit2.o)
    0x08000218   0x08000218   0x00000000   Code   RO         4907    .ARM.Collect$$libinit$$00000015  c_w.l(libinit2.o)
    0x08000218   0x08000218   0x00000000   Code   RO         4909    .ARM.Collect$$libinit$$00000017  c_w.l(libinit2.o)
    0x08000218   0x08000218   0x00000000   Code   RO         4911    .ARM.Collect$$libinit$$00000019  c_w.l(libinit2.o)
    0x08000218   0x08000218   0x00000000   Code   RO         4913    .ARM.Collect$$libinit$$0000001B  c_w.l(libinit2.o)
    0x08000218   0x08000218   0x00000000   Code   RO         4915    .ARM.Collect$$libinit$$0000001D  c_w.l(libinit2.o)
    0x08000218   0x08000218   0x00000000   Code   RO         4917    .ARM.Collect$$libinit$$0000001F  c_w.l(libinit2.o)
    0x08000218   0x08000218   0x00000000   Code   RO         4919    .ARM.Collect$$libinit$$00000021  c_w.l(libinit2.o)
    0x08000218   0x08000218   0x00000000   Code   RO         4921    .ARM.Collect$$libinit$$00000023  c_w.l(libinit2.o)
    0x08000218   0x08000218   0x00000000   Code   RO         4923    .ARM.Collect$$libinit$$00000025  c_w.l(libinit2.o)
    0x08000218   0x08000218   0x00000000   Code   RO         4927    .ARM.Collect$$libinit$$0000002C  c_w.l(libinit2.o)
    0x08000218   0x08000218   0x00000000   Code   RO         4929    .ARM.Collect$$libinit$$0000002E  c_w.l(libinit2.o)
    0x08000218   0x08000218   0x00000000   Code   RO         4931    .ARM.Collect$$libinit$$00000030  c_w.l(libinit2.o)
    0x08000218   0x08000218   0x00000000   Code   RO         4933    .ARM.Collect$$libinit$$00000032  c_w.l(libinit2.o)
    0x08000218   0x08000218   0x00000002   Code   RO         4934    .ARM.Collect$$libinit$$00000033  c_w.l(libinit2.o)
    0x0800021a   0x0800021a   0x00000002   Code   RO         4965    .ARM.Collect$$libshutdown$$00000000  c_w.l(libshutdown.o)
    0x0800021c   0x0800021c   0x00000000   Code   RO         4991    .ARM.Collect$$libshutdown$$00000002  c_w.l(libshutdown2.o)
    0x0800021c   0x0800021c   0x00000000   Code   RO         4993    .ARM.Collect$$libshutdown$$00000004  c_w.l(libshutdown2.o)
    0x0800021c   0x0800021c   0x00000000   Code   RO         4996    .ARM.Collect$$libshutdown$$00000007  c_w.l(libshutdown2.o)
    0x0800021c   0x0800021c   0x00000000   Code   RO         4999    .ARM.Collect$$libshutdown$$0000000A  c_w.l(libshutdown2.o)
    0x0800021c   0x0800021c   0x00000000   Code   RO         5001    .ARM.Collect$$libshutdown$$0000000C  c_w.l(libshutdown2.o)
    0x0800021c   0x0800021c   0x00000000   Code   RO         5004    .ARM.Collect$$libshutdown$$0000000F  c_w.l(libshutdown2.o)
    0x0800021c   0x0800021c   0x00000002   Code   RO         5005    .ARM.Collect$$libshutdown$$00000010  c_w.l(libshutdown2.o)
    0x0800021e   0x0800021e   0x00000000   Code   RO         4743    .ARM.Collect$$rtentry$$00000000  c_w.l(__rtentry.o)
    0x0800021e   0x0800021e   0x00000000   Code   RO         4828    .ARM.Collect$$rtentry$$00000002  c_w.l(__rtentry2.o)
    0x0800021e   0x0800021e   0x00000006   Code   RO         4840    .ARM.Collect$$rtentry$$00000004  c_w.l(__rtentry4.o)
    0x08000224   0x08000224   0x00000000   Code   RO         4830    .ARM.Collect$$rtentry$$00000009  c_w.l(__rtentry2.o)
    0x08000224   0x08000224   0x00000004   Code   RO         4831    .ARM.Collect$$rtentry$$0000000A  c_w.l(__rtentry2.o)
    0x08000228   0x08000228   0x00000000   Code   RO         4833    .ARM.Collect$$rtentry$$0000000C  c_w.l(__rtentry2.o)
    0x08000228   0x08000228   0x00000008   Code   RO         4834    .ARM.Collect$$rtentry$$0000000D  c_w.l(__rtentry2.o)
    0x08000230   0x08000230   0x00000002   Code   RO         4882    .ARM.Collect$$rtexit$$00000000  c_w.l(rtexit.o)
    0x08000232   0x08000232   0x00000000   Code   RO         4938    .ARM.Collect$$rtexit$$00000002  c_w.l(rtexit2.o)
    0x08000232   0x08000232   0x00000004   Code   RO         4939    .ARM.Collect$$rtexit$$00000003  c_w.l(rtexit2.o)
    0x08000236   0x08000236   0x00000006   Code   RO         4940    .ARM.Collect$$rtexit$$00000004  c_w.l(rtexit2.o)
    0x0800023c   0x0800023c   0x00000040   Code   RO            4    .text               startup_stm32f407xx.o
    0x0800027c   0x0800027c   0x000000ee   Code   RO         4528    .text               c_w.l(lludivv7m.o)
    0x0800036a   0x0800036a   0x00000002   PAD
    0x0800036c   0x0800036c   0x00000034   Code   RO         4532    .text               c_w.l(noretval__2snprintf.o)
    0x080003a0   0x080003a0   0x0000004e   Code   RO         4536    .text               c_w.l(_printf_pad.o)
    0x080003ee   0x080003ee   0x00000052   Code   RO         4538    .text               c_w.l(_printf_str.o)
    0x08000440   0x08000440   0x00000078   Code   RO         4540    .text               c_w.l(_printf_dec.o)
    0x080004b8   0x080004b8   0x00000058   Code   RO         4545    .text               c_w.l(_printf_hex_int.o)
    0x08000510   0x08000510   0x00000188   Code   RO         4580    .text               c_w.l(__printf_flags_ss_wp.o)
    0x08000698   0x08000698   0x0000003e   Code   RO         4587    .text               c_w.l(strlen.o)
    0x080006d6   0x080006d6   0x00000064   Code   RO         4589    .text               c_w.l(rt_memcpy_w.o)
    0x0800073a   0x0800073a   0x0000004e   Code   RO         4591    .text               c_w.l(rt_memclr_w.o)
    0x08000788   0x08000788   0x00000006   Code   RO         4593    .text               c_w.l(heapauxi.o)
    0x0800078e   0x0800078e   0x00000016   Code   RO         4748    .text               c_w.l(_rserrno.o)
    0x080007a4   0x080007a4   0x000000b2   Code   RO         4750    .text               c_w.l(_printf_intcommon.o)
    0x08000856   0x08000856   0x00000002   PAD
    0x08000858   0x08000858   0x00000030   Code   RO         4752    .text               c_w.l(_printf_char_common.o)
    0x08000888   0x08000888   0x0000000a   Code   RO         4754    .text               c_w.l(_sputc.o)
    0x08000892   0x08000892   0x00000010   Code   RO         4756    .text               c_w.l(_snputc.o)
    0x080008a2   0x080008a2   0x0000002c   Code   RO         4758    .text               c_w.l(_printf_char.o)
    0x080008ce   0x080008ce   0x00000002   PAD
    0x080008d0   0x080008d0   0x00000008   Code   RO         4847    .text               c_w.l(rt_errno_addr_intlibspace.o)
    0x080008d8   0x080008d8   0x00000008   Code   RO         4865    .text               c_w.l(libspace.o)
    0x080008e0   0x080008e0   0x0000004a   Code   RO         4868    .text               c_w.l(sys_stackheap_outer.o)
    0x0800092a   0x0800092a   0x00000012   Code   RO         4870    .text               c_w.l(exit.o)
    0x0800093c   0x0800093c   0x0000000c   Code   RO         4935    .text               c_w.l(sys_exit.o)
    0x08000948   0x08000948   0x00000002   Code   RO         4954    .text               c_w.l(use_no_semi.o)
    0x0800094a   0x0800094a   0x00000000   Code   RO         4956    .text               c_w.l(indicate_semi.o)
    0x0800094a   0x0800094a   0x00000002   PAD
    0x0800094c   0x0800094c   0x00000128   Code   RO         1638    i.ADC_Init          stm32f4xx_hal_adc.o
    0x08000a74   0x08000a74   0x0000005a   Code   RO         1805    i.ADC_MultiModeDMAConvCplt  stm32f4xx_hal_adc_ex.o
    0x08000ace   0x08000ace   0x00000012   Code   RO         1806    i.ADC_MultiModeDMAError  stm32f4xx_hal_adc_ex.o
    0x08000ae0   0x08000ae0   0x00000006   Code   RO         1807    i.ADC_MultiModeDMAHalfConvCplt  stm32f4xx_hal_adc_ex.o
    0x08000ae6   0x08000ae6   0x00000002   PAD
    0x08000ae8   0x08000ae8   0x00000038   Code   RO         4112    i.BspBoard_KeyRead  bsp_board.o
    0x08000b20   0x08000b20   0x00000018   Code   RO         4113    i.BspBoard_LedWrite  bsp_board.o
    0x08000b38   0x08000b38   0x0000001c   Code   RO         3781    i.BspUart_FpgaWrite  bsp_uart.o
    0x08000b54   0x08000b54   0x0000001c   Code   RO         3782    i.BspUart_HmiWrite  bsp_uart.o
    0x08000b70   0x08000b70   0x00000014   Code   RO         3783    i.BspUart_Poll      bsp_uart.o
    0x08000b84   0x08000b84   0x00000004   Code   RO         3784    i.BspUart_Start     bsp_uart.o
    0x08000b88   0x08000b88   0x00000002   Code   RO         3257    i.BusFault_Handler  stm32f4xx_it.o
    0x08000b8a   0x08000b8a   0x00000002   PAD
    0x08000b8c   0x08000b8c   0x0000000c   Code   RO         3393    i.Cap_Busy          adc.o
    0x08000b98   0x08000b98   0x00000014   Code   RO         3394    i.Cap_Count         adc.o
    0x08000bac   0x08000bac   0x0000000c   Code   RO         3395    i.Cap_Fs            adc.o
    0x08000bb8   0x08000bb8   0x00000010   Code   RO         3396    i.Cap_Main          adc.o
    0x08000bc8   0x08000bc8   0x00000010   Code   RO         3397    i.Cap_Ref           adc.o
    0x08000bd8   0x08000bd8   0x000000a8   Code   RO         3398    i.Cap_Start         adc.o
    0x08000c80   0x08000c80   0x00000010   Code   RO         1910    i.DAC_DMAConvCpltCh1  stm32f4xx_hal_dac.o
    0x08000c90   0x08000c90   0x00000010   Code   RO         2054    i.DAC_DMAConvCpltCh2  stm32f4xx_hal_dac_ex.o
    0x08000ca0   0x08000ca0   0x00000018   Code   RO         1911    i.DAC_DMAErrorCh1   stm32f4xx_hal_dac.o
    0x08000cb8   0x08000cb8   0x00000018   Code   RO         2055    i.DAC_DMAErrorCh2   stm32f4xx_hal_dac_ex.o
    0x08000cd0   0x08000cd0   0x0000000a   Code   RO         1912    i.DAC_DMAHalfConvCpltCh1  stm32f4xx_hal_dac.o
    0x08000cda   0x08000cda   0x0000000a   Code   RO         2056    i.DAC_DMAHalfConvCpltCh2  stm32f4xx_hal_dac_ex.o
    0x08000ce4   0x08000ce4   0x0000000c   Code   RO         3258    i.DMA1_Stream5_IRQHandler  stm32f4xx_it.o
    0x08000cf0   0x08000cf0   0x0000000c   Code   RO         3259    i.DMA2_Stream0_IRQHandler  stm32f4xx_it.o
    0x08000cfc   0x08000cfc   0x00000028   Code   RO          581    i.DMA_CalcBaseAndBitshift  stm32f4xx_hal_dma.o
    0x08000d24   0x08000d24   0x00000054   Code   RO          582    i.DMA_CheckFifoParam  stm32f4xx_hal_dma.o
    0x08000d78   0x08000d78   0x00000028   Code   RO          583    i.DMA_SetConfig     stm32f4xx_hal_dma.o
    0x08000da0   0x08000da0   0x0000004c   Code   RO         3498    i.Dac_StartStream   dac.o
    0x08000dec   0x08000dec   0x00000002   Code   RO         3260    i.DebugMon_Handler  stm32f4xx_it.o
    0x08000dee   0x08000dee   0x00000002   PAD
    0x08000df0   0x08000df0   0x00000018   Code   RO         4409    i.Emu_Abort         emulate_engine.o
    0x08000e08   0x08000e08   0x0000000c   Code   RO         4410    i.Emu_ErrCode       emulate_engine.o
    0x08000e14   0x08000e14   0x00000014   Code   RO         4411    i.Emu_Init          emulate_engine.o
    0x08000e28   0x08000e28   0x00000008   Code   RO         4412    i.Emu_Input         emulate_engine.o
    0x08000e30   0x08000e30   0x00000014   Code   RO         4413    i.Emu_OutputVpp_mV  emulate_engine.o
    0x08000e44   0x08000e44   0x00000258   Code   RO         4414    i.Emu_Poll          emulate_engine.o
    0x0800109c   0x0800109c   0x0000000c   Code   RO         4415    i.Emu_SnappedFreqHz  emulate_engine.o
    0x080010a8   0x080010a8   0x00000020   Code   RO         4416    i.Emu_Start         emulate_engine.o
    0x080010c8   0x080010c8   0x0000000c   Code   RO         4417    i.Emu_State         emulate_engine.o
    0x080010d4   0x080010d4   0x00000004   Code   RO         3123    i.Error_Handler     main.o
    0x080010d8   0x080010d8   0x00000030   Code   RO         4029    i.FpgaCtrl_Basic2Supported  fpga_ctrl.o
    0x08001108   0x08001108   0x00000060   Code   RO         4030    i.FpgaCtrl_SendBasic2Freq  fpga_ctrl.o
    0x08001168   0x08001168   0x00000068   Code   RO         4031    i.FpgaCtrl_SendBasic4  fpga_ctrl.o
    0x080011d0   0x080011d0   0x0000000c   Code   RO         4032    i.FpgaCtrl_SendLearnStep  fpga_ctrl.o
    0x080011dc   0x080011dc   0x00000004   Code   RO         4033    i.FpgaCtrl_SendStopHint  fpga_ctrl.o
    0x080011e0   0x080011e0   0x0000007c   Code   RO         3630    i.GApp_Init         g_app.o
    0x0800125c   0x0800125c   0x00000024   Code   RO         3631    i.GApp_OnHmiRxByte  g_app.o
    0x08001280   0x08001280   0x0000009c   Code   RO         3632    i.GApp_Poll         g_app.o
    0x0800131c   0x0800131c   0x00000054   Code   RO         1816    i.HAL_ADCEx_MultiModeConfigChannel  stm32f4xx_hal_adc_ex.o
    0x08001370   0x08001370   0x00000110   Code   RO         1818    i.HAL_ADCEx_MultiModeStart_DMA  stm32f4xx_hal_adc_ex.o
    0x08001480   0x08001480   0x00000060   Code   RO         1819    i.HAL_ADCEx_MultiModeStop_DMA  stm32f4xx_hal_adc_ex.o
    0x080014e0   0x080014e0   0x0000014c   Code   RO         1640    i.HAL_ADC_ConfigChannel  stm32f4xx_hal_adc.o
    0x0800162c   0x0800162c   0x0000003c   Code   RO         3399    i.HAL_ADC_ConvCpltCallback  adc.o
    0x08001668   0x08001668   0x00000002   Code   RO         1642    i.HAL_ADC_ConvHalfCpltCallback  stm32f4xx_hal_adc.o
    0x0800166a   0x0800166a   0x00000002   PAD
    0x0800166c   0x0800166c   0x00000038   Code   RO         3400    i.HAL_ADC_ErrorCallback  adc.o
    0x080016a4   0x080016a4   0x00000054   Code   RO         1649    i.HAL_ADC_Init      stm32f4xx_hal_adc.o
    0x080016f8   0x080016f8   0x000000d4   Code   RO         3402    i.HAL_ADC_MspInit   adc.o
    0x080017cc   0x080017cc   0x000000fc   Code   RO         1655    i.HAL_ADC_Start     stm32f4xx_hal_adc.o
    0x080018c8   0x080018c8   0x0000003c   Code   RO         1658    i.HAL_ADC_Stop      stm32f4xx_hal_adc.o
    0x08001904   0x08001904   0x00000002   Code   RO         2057    i.HAL_DACEx_ConvCpltCallbackCh2  stm32f4xx_hal_dac_ex.o
    0x08001906   0x08001906   0x00000002   Code   RO         2058    i.HAL_DACEx_ConvHalfCpltCallbackCh2  stm32f4xx_hal_dac_ex.o
    0x08001908   0x08001908   0x00000002   Code   RO         2064    i.HAL_DACEx_ErrorCallbackCh2  stm32f4xx_hal_dac_ex.o
    0x0800190a   0x0800190a   0x0000004e   Code   RO         1913    i.HAL_DAC_ConfigChannel  stm32f4xx_hal_dac.o
    0x08001958   0x08001958   0x00000010   Code   RO         3499    i.HAL_DAC_ConvCpltCallbackCh1  dac.o
    0x08001968   0x08001968   0x00000010   Code   RO         3500    i.HAL_DAC_ConvHalfCpltCallbackCh1  dac.o
    0x08001978   0x08001978   0x00000002   Code   RO         1918    i.HAL_DAC_ErrorCallbackCh1  stm32f4xx_hal_dac.o
    0x0800197a   0x0800197a   0x00000028   Code   RO         1923    i.HAL_DAC_Init      stm32f4xx_hal_dac.o
    0x080019a2   0x080019a2   0x00000002   PAD
    0x080019a4   0x080019a4   0x000000a4   Code   RO         3502    i.HAL_DAC_MspInit   dac.o
    0x08001a48   0x08001a48   0x000000e0   Code   RO         1928    i.HAL_DAC_Start_DMA  stm32f4xx_hal_dac.o
    0x08001b28   0x08001b28   0x00000092   Code   RO          584    i.HAL_DMA_Abort     stm32f4xx_hal_dma.o
    0x08001bba   0x08001bba   0x00000024   Code   RO          585    i.HAL_DMA_Abort_IT  stm32f4xx_hal_dma.o
    0x08001bde   0x08001bde   0x00000002   PAD
    0x08001be0   0x08001be0   0x000001a0   Code   RO          589    i.HAL_DMA_IRQHandler  stm32f4xx_hal_dma.o
    0x08001d80   0x08001d80   0x000000d4   Code   RO          590    i.HAL_DMA_Init      stm32f4xx_hal_dma.o
    0x08001e54   0x08001e54   0x0000006e   Code   RO          594    i.HAL_DMA_Start_IT  stm32f4xx_hal_dma.o
    0x08001ec2   0x08001ec2   0x00000002   PAD
    0x08001ec4   0x08001ec4   0x000001f0   Code   RO          477    i.HAL_GPIO_Init     stm32f4xx_hal_gpio.o
    0x080020b4   0x080020b4   0x0000000a   Code   RO          479    i.HAL_GPIO_ReadPin  stm32f4xx_hal_gpio.o
    0x080020be   0x080020be   0x0000000a   Code   RO          481    i.HAL_GPIO_WritePin  stm32f4xx_hal_gpio.o
    0x080020c8   0x080020c8   0x0000000c   Code   RO         1027    i.HAL_GetTick       stm32f4xx_hal.o
    0x080020d4   0x080020d4   0x00000010   Code   RO         1033    i.HAL_IncTick       stm32f4xx_hal.o
    0x080020e4   0x080020e4   0x00000034   Code   RO         1034    i.HAL_Init          stm32f4xx_hal.o
    0x08002118   0x08002118   0x00000040   Code   RO         1035    i.HAL_InitTick      stm32f4xx_hal.o
    0x08002158   0x08002158   0x00000030   Code   RO         3357    i.HAL_MspInit       stm32f4xx_hal_msp.o
    0x08002188   0x08002188   0x0000001a   Code   RO          869    i.HAL_NVIC_EnableIRQ  stm32f4xx_hal_cortex.o
    0x080021a2   0x080021a2   0x00000002   PAD
    0x080021a4   0x080021a4   0x00000040   Code   RO          875    i.HAL_NVIC_SetPriority  stm32f4xx_hal_cortex.o
    0x080021e4   0x080021e4   0x00000024   Code   RO          876    i.HAL_NVIC_SetPriorityGrouping  stm32f4xx_hal_cortex.o
    0x08002208   0x08002208   0x00000134   Code   RO           14    i.HAL_RCC_ClockConfig  stm32f4xx_hal_rcc.o
    0x0800233c   0x0800233c   0x00000020   Code   RO           21    i.HAL_RCC_GetPCLK1Freq  stm32f4xx_hal_rcc.o
    0x0800235c   0x0800235c   0x00000020   Code   RO           22    i.HAL_RCC_GetPCLK2Freq  stm32f4xx_hal_rcc.o
    0x0800237c   0x0800237c   0x00000060   Code   RO           23    i.HAL_RCC_GetSysClockFreq  stm32f4xx_hal_rcc.o
    0x080023dc   0x080023dc   0x0000036c   Code   RO           26    i.HAL_RCC_OscConfig  stm32f4xx_hal_rcc.o
    0x08002748   0x08002748   0x00000028   Code   RO          880    i.HAL_SYSTICK_Config  stm32f4xx_hal_cortex.o
    0x08002770   0x08002770   0x00000090   Code   RO         2875    i.HAL_TIMEx_MasterConfigSynchronization  stm32f4xx_hal_tim_ex.o
    0x08002800   0x08002800   0x0000005a   Code   RO         2152    i.HAL_TIM_Base_Init  stm32f4xx_hal_tim.o
    0x0800285a   0x0800285a   0x00000002   PAD
    0x0800285c   0x0800285c   0x0000003c   Code   RO         3586    i.HAL_TIM_Base_MspInit  tim.o
    0x08002898   0x08002898   0x00000078   Code   RO         2155    i.HAL_TIM_Base_Start  stm32f4xx_hal_tim.o
    0x08002910   0x08002910   0x00000026   Code   RO         2158    i.HAL_TIM_Base_Stop  stm32f4xx_hal_tim.o
    0x08002936   0x08002936   0x000000dc   Code   RO         2161    i.HAL_TIM_ConfigClockSource  stm32f4xx_hal_tim.o
    0x08002a12   0x08002a12   0x00000002   Code   RO         1284    i.HAL_UARTEx_RxEventCallback  stm32f4xx_hal_uart.o
    0x08002a14   0x08002a14   0x00000010   Code   RO         3785    i.HAL_UART_ErrorCallback  bsp_uart.o
    0x08002a24   0x08002a24   0x00000280   Code   RO         1301    i.HAL_UART_IRQHandler  stm32f4xx_hal_uart.o
    0x08002ca4   0x08002ca4   0x00000064   Code   RO         1302    i.HAL_UART_Init     stm32f4xx_hal_uart.o
    0x08002d08   0x08002d08   0x000000bc   Code   RO         3359    i.HAL_UART_MspInit  stm32f4xx_hal_msp.o
    0x08002dc4   0x08002dc4   0x0000001c   Code   RO         1307    i.HAL_UART_Receive_IT  stm32f4xx_hal_uart.o
    0x08002de0   0x08002de0   0x00000024   Code   RO         3786    i.HAL_UART_RxCpltCallback  bsp_uart.o
    0x08002e04   0x08002e04   0x000000a0   Code   RO         1310    i.HAL_UART_Transmit  stm32f4xx_hal_uart.o
    0x08002ea4   0x08002ea4   0x00000002   Code   RO         1313    i.HAL_UART_TxCpltCallback  stm32f4xx_hal_uart.o
    0x08002ea6   0x08002ea6   0x00000002   Code   RO         3261    i.HardFault_Handler  stm32f4xx_it.o
    0x08002ea8   0x08002ea8   0x00000010   Code   RO         3841    i.HmiProtocol_Init  hmi_protocol.o
    0x08002eb8   0x08002eb8   0x00000004   Code   RO         3842    i.HmiProtocol_LastError  hmi_protocol.o
    0x08002ebc   0x08002ebc   0x000000be   Code   RO         3843    i.HmiProtocol_PushByte  hmi_protocol.o
    0x08002f7a   0x08002f7a   0x00000002   PAD
    0x08002f7c   0x08002f7c   0x0000002c   Code   RO         3885    i.HmiScreen_Goto    hmi_screen.o
    0x08002fa8   0x08002fa8   0x00000014   Code   RO         3886    i.HmiScreen_Init    hmi_screen.o
    0x08002fbc   0x08002fbc   0x0000012c   Code   RO         3888    i.HmiScreen_SetMode  hmi_screen.o
    0x080030e8   0x080030e8   0x0000010c   Code   RO         3889    i.HmiScreen_SetRunState  hmi_screen.o
    0x080031f4   0x080031f4   0x0000010c   Code   RO         3890    i.HmiScreen_SetWave  hmi_screen.o
    0x08003300   0x08003300   0x000000d8   Code   RO         3891    i.HmiScreen_ShowBasic  hmi_screen.o
    0x080033d8   0x080033d8   0x00000054   Code   RO         3892    i.HmiScreen_ShowBasicMeasure  hmi_screen.o
    0x0800342c   0x0800342c   0x0000004a   Code   RO         3893    i.HmiScreen_ShowBasicNote  hmi_screen.o
    0x08003476   0x08003476   0x00000048   Code   RO         3894    i.HmiScreen_ShowCalibDuty  hmi_screen.o
    0x080034be   0x080034be   0x00000002   PAD
    0x080034c0   0x080034c0   0x0000005c   Code   RO         3895    i.HmiScreen_ShowCalibMeasure  hmi_screen.o
    0x0800351c   0x0800351c   0x0000010c   Code   RO         3896    i.HmiScreen_ShowEmulateInput  hmi_screen.o
    0x08003628   0x08003628   0x000000c4   Code   RO         3897    i.HmiScreen_ShowEmulateMeasure  hmi_screen.o
    0x080036ec   0x080036ec   0x000000a8   Code   RO         3898    i.HmiScreen_ShowError  hmi_screen.o
    0x08003794   0x08003794   0x00000048   Code   RO         3899    i.HmiScreen_ShowLearnLive  hmi_screen.o
    0x080037dc   0x080037dc   0x000000c0   Code   RO         3900    i.HmiScreen_ShowLearnProgress  hmi_screen.o
    0x0800389c   0x0800389c   0x000000a8   Code   RO         3901    i.HmiScreen_ShowLearnResult  hmi_screen.o
    0x08003944   0x08003944   0x0000006c   Code   RO         4075    i.KnownModel_Calc   known_model.o
    0x080039b0   0x080039b0   0x000000f0   Code   RO         4076    i.KnownModel_Gain   known_model.o
    0x08003aa0   0x08003aa0   0x00000054   Code   RO         4077    i.KnownModel_InputVpp  known_model.o
    0x08003af4   0x08003af4   0x000000b8   Code   RO         4078    i.KnownModel_Input_mVpp  known_model.o
    0x08003bac   0x08003bac   0x00000014   Code   RO         4340    i.Learn_Abort       learn_engine.o
    0x08003bc0   0x08003bc0   0x0000001c   Code   RO         4341    i.Learn_CurrentFreqHz  learn_engine.o
    0x08003bdc   0x08003bdc   0x0000000c   Code   RO         4342    i.Learn_ErrCode     learn_engine.o
    0x08003be8   0x08003be8   0x0000001c   Code   RO         4343    i.Learn_Init        learn_engine.o
    0x08003c04   0x08003c04   0x00000008   Code   RO         4344    i.Learn_Model       learn_engine.o
    0x08003c0c   0x08003c0c   0x0000002c   Code   RO         4345    i.Learn_Percent     learn_engine.o
    0x08003c38   0x08003c38   0x000001f8   Code   RO         4346    i.Learn_Poll        learn_engine.o
    0x08003e30   0x08003e30   0x00000044   Code   RO         4347    i.Learn_Start       learn_engine.o
    0x08003e74   0x08003e74   0x0000000c   Code   RO         4348    i.Learn_State       learn_engine.o
    0x08003e80   0x08003e80   0x00000088   Code   RO         3403    i.MX_ADC1_Init      adc.o
    0x08003f08   0x08003f08   0x00000064   Code   RO         3404    i.MX_ADC2_Init      adc.o
    0x08003f6c   0x08003f6c   0x0000003c   Code   RO         3503    i.MX_DAC_Init       dac.o
    0x08003fa8   0x08003fa8   0x0000004c   Code   RO         3561    i.MX_DMA_Init       dma.o
    0x08003ff4   0x08003ff4   0x000000a0   Code   RO         3197    i.MX_GPIO_Init      gpio.o
    0x08004094   0x08004094   0x00000064   Code   RO         3587    i.MX_TIM2_Init      tim.o
    0x080040f8   0x080040f8   0x00000044   Code   RO         3588    i.MX_TIM6_Init      tim.o
    0x0800413c   0x0800413c   0x00000038   Code   RO         3221    i.MX_USART1_UART_Init  usart.o
    0x08004174   0x08004174   0x00000038   Code   RO         3222    i.MX_USART2_UART_Init  usart.o
    0x080041ac   0x080041ac   0x00000002   Code   RO         3262    i.MemManage_Handler  stm32f4xx_it.o
    0x080041ae   0x080041ae   0x00000002   Code   RO         3263    i.NMI_Handler       stm32f4xx_it.o
    0x080041b0   0x080041b0   0x00000002   Code   RO         3264    i.PendSV_Handler    stm32f4xx_it.o
    0x080041b2   0x080041b2   0x00000002   PAD
    0x080041b4   0x080041b4   0x00000200   Code   RO         4209    i.RlcModel_Fit      rlc_model.o
    0x080043b4   0x080043b4   0x000000bc   Code   RO         4210    i.RlcModel_Mag      rlc_model.o
    0x08004470   0x08004470   0x000000f8   Code   RO         4211    i.RlcModel_Response  rlc_model.o
    0x08004568   0x08004568   0x00000002   Code   RO         3265    i.SVC_Handler       stm32f4xx_it.o
    0x0800456a   0x0800456a   0x00000002   PAD
    0x0800456c   0x0800456c   0x000001ac   Code   RO         4151    i.SigMeas_Analyze   signal_meas.o
    0x08004718   0x08004718   0x000001a0   Code   RO         4152    i.SigMeas_FoldPeriod  signal_meas.o
    0x080048b8   0x080048b8   0x00000140   Code   RO         4153    i.SigMeas_Harmonics  signal_meas.o
    0x080049f8   0x080049f8   0x00000038   Code   RO         4154    i.SigMeas_RmsAc     signal_meas.o
    0x08004a30   0x08004a30   0x0000002c   Code   RO         4155    i.SigMeas_SnapDuty5  signal_meas.o
    0x08004a5c   0x08004a5c   0x00000080   Code   RO         4156    i.SigMeas_SnapFreq200  signal_meas.o
    0x08004adc   0x08004adc   0x00000004   Code   RO         3266    i.SysTick_Handler   stm32f4xx_it.o
    0x08004ae0   0x08004ae0   0x00000090   Code   RO         3124    i.SystemClock_Config  main.o
    0x08004b70   0x08004b70   0x00000010   Code   RO         4492    i.SystemInit        system_stm32f4xx.o
    0x08004b80   0x08004b80   0x000000d0   Code   RO         2245    i.TIM_Base_SetConfig  stm32f4xx_hal_tim.o
    0x08004c50   0x08004c50   0x00000014   Code   RO         2256    i.TIM_ETR_SetConfig  stm32f4xx_hal_tim.o
    0x08004c64   0x08004c64   0x00000010   Code   RO         2257    i.TIM_ITRx_SetConfig  stm32f4xx_hal_tim.o
    0x08004c74   0x08004c74   0x00000022   Code   RO         2263    i.TIM_TI1_ConfigInputStage  stm32f4xx_hal_tim.o
    0x08004c96   0x08004c96   0x00000024   Code   RO         2265    i.TIM_TI2_ConfigInputStage  stm32f4xx_hal_tim.o
    0x08004cba   0x08004cba   0x0000000e   Code   RO         1315    i.UART_DMAAbortOnError  stm32f4xx_hal_uart.o
    0x08004cc8   0x08004cc8   0x0000004e   Code   RO         1325    i.UART_EndRxTransfer  stm32f4xx_hal_uart.o
    0x08004d16   0x08004d16   0x000000c2   Code   RO         1327    i.UART_Receive_IT   stm32f4xx_hal_uart.o
    0x08004dd8   0x08004dd8   0x0000010c   Code   RO         1328    i.UART_SetConfig    stm32f4xx_hal_uart.o
    0x08004ee4   0x08004ee4   0x00000036   Code   RO         1330    i.UART_Start_Receive_IT  stm32f4xx_hal_uart.o
    0x08004f1a   0x08004f1a   0x00000072   Code   RO         1331    i.UART_WaitOnFlagUntilTimeout  stm32f4xx_hal_uart.o
    0x08004f8c   0x08004f8c   0x0000000c   Code   RO         3267    i.USART1_IRQHandler  stm32f4xx_it.o
    0x08004f98   0x08004f98   0x0000000c   Code   RO         3268    i.USART2_IRQHandler  stm32f4xx_it.o
    0x08004fa4   0x08004fa4   0x00000002   Code   RO         3269    i.UsageFault_Handler  stm32f4xx_it.o
    0x08004fa6   0x08004fa6   0x00000002   PAD
    0x08004fa8   0x08004fa8   0x00000070   Code   RO         4272    i.WaveOut_BuildSine  wave_out.o
    0x08005018   0x08005018   0x0000006c   Code   RO         4273    i.WaveOut_BuildSquare  wave_out.o
    0x08005084   0x08005084   0x00000014   Code   RO         4274    i.WaveOut_Enable    wave_out.o
    0x08005098   0x08005098   0x00000050   Code   RO         4275    i.WaveOut_FillBlock  wave_out.o
    0x080050e8   0x080050e8   0x0000000c   Code   RO         4277    i.WaveOut_IsEnabled  wave_out.o
    0x080050f4   0x080050f4   0x00000104   Code   RO         4278    i.WaveOut_LoadWave  wave_out.o
    0x080051f8   0x080051f8   0x0000001c   Code   RO         4279    i.WaveOut_SetFreqMilliHz  wave_out.o
    0x08005214   0x08005214   0x0000000c   Code   RO         4280    i.WaveOut_TableVpp  wave_out.o
    0x08005220   0x08005220   0x00000030   Code   RO         4861    i.__ARM_fpclassify  m_wm.l(fpclassify.o)
    0x08005250   0x08005250   0x00000026   Code   RO         4797    i.__ARM_fpclassifyf  m_wm.l(fpclassifyf.o)
    0x08005276   0x08005276   0x00000020   Code   RO          882    i.__NVIC_SetPriority  stm32f4xx_hal_cortex.o
    0x08005296   0x08005296   0x00000002   PAD
    0x08005298   0x08005298   0x000000c8   Code   RO         4631    i.__hardfp_cos      m_wm.l(cos.o)
    0x08005360   0x08005360   0x00000150   Code   RO         4643    i.__hardfp_cosf     m_wm.l(cosf.o)
    0x080054b0   0x080054b0   0x000001e8   Code   RO         4655    i.__hardfp_expf     m_wm.l(expf.o)
    0x08005698   0x08005698   0x00000104   Code   RO         4669    i.__hardfp_fmod     m_wm.l(fmod.o)
    0x0800579c   0x0800579c   0x0000016c   Code   RO         4681    i.__hardfp_logf     m_wm.l(logf.o)
    0x08005908   0x08005908   0x000000c8   Code   RO         4695    i.__hardfp_sin      m_wm.l(sin.o)
    0x080059d0   0x080059d0   0x00000190   Code   RO         4707    i.__hardfp_sinf     m_wm.l(sinf.o)
    0x08005b60   0x08005b60   0x0000007a   Code   RO         4719    i.__hardfp_sqrt     m_wm.l(sqrt.o)
    0x08005bda   0x08005bda   0x0000003a   Code   RO         4731    i.__hardfp_sqrtf    m_wm.l(sqrtf.o)
    0x08005c14   0x08005c14   0x00000004   PAD
    0x08005c18   0x08005c18   0x00000438   Code   RO         4813    i.__ieee754_rem_pio2  m_wm.l(rred.o)
    0x08006050   0x08006050   0x00000170   Code   RO         4780    i.__kernel_cos      m_wm.l(cos_i.o)
    0x080061c0   0x080061c0   0x000000f8   Code   RO         4863    i.__kernel_poly     m_wm.l(poly.o)
    0x080062b8   0x080062b8   0x00000130   Code   RO         4821    i.__kernel_sin      m_wm.l(sin_i.o)
    0x080063e8   0x080063e8   0x00000014   Code   RO         4784    i.__mathlib_dbl_infnan  m_wm.l(dunder.o)
    0x080063fc   0x080063fc   0x00000004   PAD
    0x08006400   0x08006400   0x00000020   Code   RO         4786    i.__mathlib_dbl_invalid  m_wm.l(dunder.o)
    0x08006420   0x08006420   0x00000020   Code   RO         4789    i.__mathlib_dbl_underflow  m_wm.l(dunder.o)
    0x08006440   0x08006440   0x00000014   Code   RO         4799    i.__mathlib_flt_divzero  m_wm.l(funder.o)
    0x08006454   0x08006454   0x00000006   Code   RO         4800    i.__mathlib_flt_infnan  m_wm.l(funder.o)
    0x0800645a   0x0800645a   0x00000002   PAD
    0x0800645c   0x0800645c   0x00000010   Code   RO         4802    i.__mathlib_flt_invalid  m_wm.l(funder.o)
    0x0800646c   0x0800646c   0x00000010   Code   RO         4803    i.__mathlib_flt_overflow  m_wm.l(funder.o)
    0x0800647c   0x0800647c   0x00000010   Code   RO         4805    i.__mathlib_flt_underflow  m_wm.l(funder.o)
    0x0800648c   0x0800648c   0x00000154   Code   RO         4818    i.__mathlib_rredf2  m_wm.l(rredf.o)
    0x080065e0   0x080065e0   0x0000000e   Code   RO         4573    i._is_digit         c_w.l(__printf_wp.o)
    0x080065ee   0x080065ee   0x00000002   PAD
    0x080065f0   0x080065f0   0x0000002c   Code   RO         3633    i.basic_show        g_app.o
    0x0800661c   0x0800661c   0x00000084   Code   RO         4213    i.biquad_mag        rlc_model.o
    0x080066a0   0x080066a0   0x00000048   Code   RO         3405    i.cap_deinterleave  adc.o
    0x080066e8   0x080066e8   0x00000110   Code   RO         4157    i.classify_wave     signal_meas.o
    0x080067f8   0x080067f8   0x000000b4   Code   RO         3844    i.decode_frame      hmi_protocol.o
    0x080068ac   0x080068ac   0x0000018c   Code   RO         3634    i.do_calib_output   g_app.o
    0x08006a38   0x08006a38   0x000000d0   Code   RO         3635    i.do_start_basic    g_app.o
    0x08006b08   0x08006b08   0x00000064   Code   RO         3636    i.do_start_emulate  g_app.o
    0x08006b6c   0x08006b6c   0x00000060   Code   RO         3637    i.do_start_learn    g_app.o
    0x08006bcc   0x08006bcc   0x0000001c   Code   RO         3638    i.do_stop           g_app.o
    0x08006be8   0x08006be8   0x0000006c   Code   RO         3639    i.drain_hmi_rx      g_app.o
    0x08006c54   0x08006c54   0x00000042   Code   RO         3903    i.draw_button       hmi_screen.o
    0x08006c96   0x08006c96   0x00000002   PAD
    0x08006c98   0x08006c98   0x00000058   Code   RO         3904    i.draw_label        hmi_screen.o
    0x08006cf0   0x08006cf0   0x00000020   Code   RO         3640    i.enter_error       g_app.o
    0x08006d10   0x08006d10   0x000000a4   Code   RO         4214    i.eval_cand         rlc_model.o
    0x08006db4   0x08006db4   0x00000018   Code   RO         4857    i.fabs              m_wm.l(fabs.o)
    0x08006dcc   0x08006dcc   0x00000014   Code   RO         4349    i.fail              learn_engine.o
    0x08006de0   0x08006de0   0x0000001c   Code   RO         4418    i.fail              emulate_engine.o
    0x08006dfc   0x08006dfc   0x00000040   Code   RO         3905    i.fill_box          hmi_screen.o
    0x08006e3c   0x08006e3c   0x00000104   Code   RO         4215    i.grid_search       rlc_model.o
    0x08006f40   0x08006f40   0x000000c8   Code   RO         3641    i.handle_hmi_event  g_app.o
    0x08007008   0x08007008   0x00000010   Code   RO         3642    i.hmi_write_adapter  g_app.o
    0x08007018   0x08007018   0x00000058   Code   RO         3125    i.main              main.o
    0x08007070   0x08007070   0x00000128   Code   RO         4158    i.measure_freq      signal_meas.o
    0x08007198   0x08007198   0x00000058   Code   RO         4281    i.mv_to_code        wave_out.o
    0x080071f0   0x080071f0   0x00000010   Code   RO         3643    i.now_ms            g_app.o
    0x08007200   0x08007200   0x00000138   Code   RO         3644    i.poll_emulate      g_app.o
    0x08007338   0x08007338   0x0000005c   Code   RO         3645    i.poll_keys         g_app.o
    0x08007394   0x08007394   0x00000108   Code   RO         3646    i.poll_learn        g_app.o
    0x0800749c   0x0800749c   0x00000128   Code   RO         4159    i.raw_stats         signal_meas.o
    0x080075c4   0x080075c4   0x0000000a   Code   RO         3845    i.rd_u32_le         hmi_protocol.o
    0x080075ce   0x080075ce   0x00000002   PAD
    0x080075d0   0x080075d0   0x00000010   Code   RO         3647    i.reset_local_task  g_app.o
    0x080075e0   0x080075e0   0x00000016   Code   RO         4034    i.send_bytes        fpga_ctrl.o
    0x080075f6   0x080075f6   0x00000002   PAD
    0x080075f8   0x080075f8   0x00000038   Code   RO         3906    i.send_cmd          hmi_screen.o
    0x08007630   0x08007630   0x00000040   Code   RO         4419    i.set_output_freq   emulate_engine.o
    0x08007670   0x08007670   0x000001d8   Code   RO         4216    i.solve_rlc         rlc_model.o
    0x08007848   0x08007848   0x00000014   Code   RO         3787    i.start_hmi_rx      bsp_uart.o
    0x0800785c   0x0800785c   0x00000014   Code   RO         3648    i.start_local_task  g_app.o
    0x08007870   0x08007870   0x00000020   Code   RO         3649    i.stop_outputs      g_app.o
    0x08007890   0x08007890   0x0000001a   Code   RO         4217    i.sweep_freq        rlc_model.o
    0x080078aa   0x080078aa   0x00000002   PAD
    0x080078ac   0x080078ac   0x00000274   Code   RO         4420    i.synthesize        emulate_engine.o
    0x08007b20   0x08007b20   0x00000058   Code   RO         3650    i.type_text_cn      g_app.o
    0x08007b78   0x08007b78   0x00000018   Code   RO         4761    x$fpl$basic         fz_wm.l(basic.o)
    0x08007b90   0x08007b90   0x00000062   Code   RO         4597    x$fpl$d2f           fz_wm.l(d2f.o)
    0x08007bf2   0x08007bf2   0x00000002   PAD
    0x08007bf4   0x08007bf4   0x00000150   Code   RO         4599    x$fpl$dadd          fz_wm.l(daddsub_clz.o)
    0x08007d44   0x08007d44   0x00000018   Code   RO         4763    x$fpl$dcmpinf       fz_wm.l(dcmpi.o)
    0x08007d5c   0x08007d5c   0x000002b0   Code   RO         4606    x$fpl$ddiv          fz_wm.l(ddiv.o)
    0x0800800c   0x0800800c   0x0000005e   Code   RO         4851    x$fpl$dfix          fz_wm.l(dfix.o)
    0x0800806a   0x0800806a   0x00000002   PAD
    0x0800806c   0x0800806c   0x0000005a   Code   RO         4609    x$fpl$dfixu         fz_wm.l(dfixu.o)
    0x080080c6   0x080080c6   0x0000002e   Code   RO         4618    x$fpl$dflt          fz_wm.l(dflt_clz.o)
    0x080080f4   0x080080f4   0x00000026   Code   RO         4617    x$fpl$dfltu         fz_wm.l(dflt_clz.o)
    0x0800811a   0x0800811a   0x00000002   PAD
    0x0800811c   0x0800811c   0x00000078   Code   RO         4623    x$fpl$dleqf         fz_wm.l(dleqf.o)
    0x08008194   0x08008194   0x00000154   Code   RO         4625    x$fpl$dmul          fz_wm.l(dmul.o)
    0x080082e8   0x080082e8   0x0000009c   Code   RO         4765    x$fpl$dnaninf       fz_wm.l(dnaninf.o)
    0x08008384   0x08008384   0x00000150   Code   RO         4767    x$fpl$drem          fz_wm.l(drem_clz.o)
    0x080084d4   0x080084d4   0x0000000c   Code   RO         4769    x$fpl$dretinf       fz_wm.l(dretinf.o)
    0x080084e0   0x080084e0   0x0000006c   Code   RO         4627    x$fpl$drleqf        fz_wm.l(drleqf.o)
    0x0800854c   0x0800854c   0x00000016   Code   RO         4600    x$fpl$drsb          fz_wm.l(daddsub_clz.o)
    0x08008562   0x08008562   0x00000002   PAD
    0x08008564   0x08008564   0x00000198   Code   RO         4771    x$fpl$dsqrt         fz_wm.l(dsqrt_umaal.o)
    0x080086fc   0x080086fc   0x000001d4   Code   RO         4601    x$fpl$dsub          fz_wm.l(daddsub_clz.o)
    0x080088d0   0x080088d0   0x00000056   Code   RO         4629    x$fpl$f2d           fz_wm.l(f2d.o)
    0x08008926   0x08008926   0x0000008c   Code   RO         4773    x$fpl$fnaninf       fz_wm.l(fnaninf.o)
    0x080089b2   0x080089b2   0x0000000a   Code   RO         4950    x$fpl$fpinit        fz_wm.l(fpinit.o)
    0x080089bc   0x080089bc   0x0000000a   Code   RO         4775    x$fpl$fretinf       fz_wm.l(fretinf.o)
    0x080089c6   0x080089c6   0x00000002   PAD
    0x080089c8   0x080089c8   0x00000078   Code   RO         4613    x$fpl$llufromd      fz_wm.l(dfixull.o)
    0x08008a40   0x08008a40   0x00000000   Code   RO         4779    x$fpl$usenofp       fz_wm.l(usenofp.o)
    0x08008a40   0x08008a40   0x00000008   Data   RO          596    .constdata          stm32f4xx_hal_dma.o
    0x08008a48   0x08008a48   0x00000014   Data   RO         3126    .constdata          main.o
    0x08008a5c   0x08008a5c   0x00000018   Data   RO         3907    .constdata          hmi_screen.o
    0x08008a74   0x08008a74   0x00000001   Data   RO         4035    .constdata          fpga_ctrl.o
    0x08008a75   0x08008a75   0x000003de   Data   RO         4139    .constdata          fpga_ctrl_table.o
    0x08008e53   0x08008e53   0x00000001   PAD
    0x08008e54   0x08008e54   0x00000008   Data   RO         4351    .constdata          learn_engine.o
    0x08008e5c   0x08008e5c   0x00000004   Data   RO         4422    .constdata          emulate_engine.o
    0x08008e60   0x08008e60   0x00000010   Data   RO         4493    .constdata          system_stm32f4xx.o
    0x08008e70   0x08008e70   0x00000008   Data   RO         4494    .constdata          system_stm32f4xx.o
    0x08008e78   0x08008e78   0x00000028   Data   RO         4546    .constdata          c_w.l(_printf_hex_int.o)
    0x08008ea0   0x08008ea0   0x00000011   Data   RO         4581    .constdata          c_w.l(__printf_flags_ss_wp.o)
    0x08008eb1   0x08008eb1   0x00000003   PAD
    0x08008eb4   0x08008eb4   0x00000030   Data   RO         4658    .constdata          m_wm.l(expf.o)
    0x08008ee4   0x08008ee4   0x00000040   Data   RO         4684    .constdata          m_wm.l(logf.o)
    0x08008f24   0x08008f24   0x00000004   PAD
    0x08008f28   0x08008f28   0x00000030   Data   RO         4781    .constdata          m_wm.l(cos_i.o)
    0x08008f58   0x08008f58   0x000000c8   Data   RO         4815    .constdata          m_wm.l(rred.o)
    0x08009020   0x08009020   0x00000020   Data   RO         4819    .constdata          m_wm.l(rredf.o)
    0x08009040   0x08009040   0x00000028   Data   RO         4822    .constdata          m_wm.l(sin_i.o)
    0x08009068   0x08009068   0x0000004d   Data   RO         3908    .conststring        hmi_screen.o
    0x080090b5   0x080090b5   0x00000003   PAD
    0x080090b8   0x080090b8   0x00000020   Data   RO         5006    Region$$Table       anon$$obj.o


    Execution Region RW_IRAM1 (Exec base: 0x20000000, Load base: 0x080090d8, Size: 0x00011af0, Max: 0x0001c000, ABSOLUTE)

    Exec Addr    Load Addr    Size         Type   Attr      Idx    E Section Name        Object

    0x20000000   0x080090d8   0x0000000c   Data   RW         1041    .data               stm32f4xx_hal.o
    0x2000000c   0x080090e4   0x0000000c   Data   RW         3407    .data               adc.o
    0x20000018   0x080090f0   0x00000024   Data   RW         3652    .data               g_app.o
    0x2000003c   0x08009114   0x00000001   Data   RW         3788    .data               bsp_uart.o
    0x2000003d   0x08009115   0x00000003   PAD
    0x20000040   0x08009118   0x00000028   Data   RW         3909    .data               hmi_screen.o
    0x20000068   0x08009140   0x0000000c   Data   RW         4283    .data               wave_out.o
    0x20000074   0x0800914c   0x00000018   Data   RW         4352    .data               learn_engine.o
    0x2000008c   0x08009164   0x00000020   Data   RW         4423    .data               emulate_engine.o
    0x200000ac   0x08009184   0x00000004   Data   RW         4495    .data               system_stm32f4xx.o
    0x200000b0        -       0x00000090   Zero   RW         3223    .bss                usart.o
    0x20000140        -       0x000080f0   Zero   RW         3406    .bss                adc.o
    0x20008230        -       0x00001074   Zero   RW         3504    .bss                dac.o
    0x200092a4        -       0x00000090   Zero   RW         3589    .bss                tim.o
    0x20009334        -       0x00000178   Zero   RW         3651    .bss                g_app.o
    0x200094ac        -       0x00002800   Zero   RW         4160    .bss                signal_meas.o
    0x2000bcac        -       0x000001f0   Zero   RW         4218    .bss                rlc_model.o
    0x2000be9c        -       0x00002000   Zero   RW         4282    .bss                wave_out.o
    0x2000de9c        -       0x000007c8   Zero   RW         4350    .bss                learn_engine.o
    0x2000e664        -       0x00002228   Zero   RW         4421    .bss                emulate_engine.o
    0x2001088c        -       0x00000060   Zero   RW         4866    .bss                c_w.l(libspace.o)
    0x200108ec   0x08009188   0x00000004   PAD
    0x200108f0        -       0x00000200   Zero   RW            2    HEAP                startup_stm32f407xx.o
    0x20010af0        -       0x00001000   Zero   RW            1    STACK               startup_stm32f407xx.o


    Execution Region RW_IRAM2 (Exec base: 0x2001c000, Load base: 0x08009188, Size: 0x00000000, Max: 0x00004000, ABSOLUTE)

    **** No section assigned to this execution region ****


==============================================================================

Image component sizes


      Code (inc. data)   RO Data    RW Data    ZI Data      Debug   Object Name

       880        148          0         12      33008       8916   adc.o
        80         12          0          0          0       1267   bsp_board.o
       152         40          0          1          0       4925   bsp_uart.o
       332         52          0          0       4212       4015   dac.o
        76          4          0          0          0        990   dma.o
      1460        148          4         32       8744      10699   emulate_engine.o
       286         22          1          0          0       4868   fpga_ctrl.o
         0          0        990          0          0       1276   fpga_ctrl_table.o
      2384        440          0         36        376      23547   g_app.o
       160         14          0          0          0       1167   gpio.o
       400         18          0          0          0       4985   hmi_protocol.o
      2776        448        101         40          0      18292   hmi_screen.o
       616        106          0          0          0       4206   known_model.o
       744         96          8         24       1992       8264   learn_engine.o
       236         16         20          0          0       3284   main.o
      2002        192          0          0        496      10994   rlc_model.o
      2256        148          0          0      10240      11581   signal_meas.o
        64         26        392          0       4608        904   startup_stm32f407xx.o
       144         24          0         12          0       9369   stm32f4xx_hal.o
      1026         52          0          0          0       5561   stm32f4xx_hal_adc.o
       566         36          0          0          0       5564   stm32f4xx_hal_adc_ex.o
       198         14          0          0          0      34339   stm32f4xx_hal_cortex.o
       394         24          0          0          0       6198   stm32f4xx_hal_dac.o
        56          0          0          0          0       4537   stm32f4xx_hal_dac_ex.o
      1084         16          8          0          0       8114   stm32f4xx_hal_dma.o
       516         46          0          0          0       3187   stm32f4xx_hal_gpio.o
       236         24          0          0          0       1969   stm32f4xx_hal_msp.o
      1344         72          0          0          0     721528   stm32f4xx_hal_rcc.o
       782         74          0          0          0       8476   stm32f4xx_hal_tim.o
       144         28          0          0          0       1544   stm32f4xx_hal_tim_ex.o
      1654         14          0          0          0      11991   stm32f4xx_hal_uart.o
        68         24          0          0          0       7170   stm32f4xx_it.o
        16          4         24          4          0       1379   system_stm32f4xx.o
       228         24          0          0        144       2743   tim.o
       112         16          0          0        144       1580   usart.o
       720        108          0         12       8192       7658   wave_out.o

    ----------------------------------------------------------------------
     24230       2530       1584        176      72156     967087   Object Totals
         0          0         32          0          0          0   (incl. Generated)
        38          0          4          3          0          0   (incl. Padding)

    ----------------------------------------------------------------------

      Code (inc. data)   RO Data    RW Data    ZI Data      Debug   Library Member Name

         8          0          0          0          0         68   __main.o
       392          4         17          0          0         92   __printf_flags_ss_wp.o
        14          0          0          0          0         68   __printf_wp.o
         0          0          0          0          0          0   __rtentry.o
        12          0          0          0          0          0   __rtentry2.o
         6          0          0          0          0          0   __rtentry4.o
        52          8          0          0          0          0   __scatter.o
        26          0          0          0          0          0   __scatter_copy.o
        28          0          0          0          0          0   __scatter_zi.o
        44          0          0          0          0        108   _printf_char.o
        48          6          0          0          0         96   _printf_char_common.o
       120         16          0          0          0         92   _printf_dec.o
        88          4         40          0          0         88   _printf_hex_int.o
       178          0          0          0          0         88   _printf_intcommon.o
        78          0          0          0          0        108   _printf_pad.o
         0          0          0          0          0          0   _printf_percent.o
         4          0          0          0          0          0   _printf_percent_end.o
         6          0          0          0          0          0   _printf_s.o
        82          0          0          0          0         80   _printf_str.o
         6          0          0          0          0          0   _printf_u.o
         6          0          0          0          0          0   _printf_x.o
        22          0          0          0          0        100   _rserrno.o
        16          0          0          0          0         68   _snputc.o
        10          0          0          0          0         68   _sputc.o
        18          0          0          0          0         80   exit.o
         6          0          0          0          0        152   heapauxi.o
         0          0          0          0          0          0   indicate_semi.o
         2          0          0          0          0          0   libinit.o
         6          0          0          0          0          0   libinit2.o
         2          0          0          0          0          0   libshutdown.o
         2          0          0          0          0          0   libshutdown2.o
         8          4          0          0         96         68   libspace.o
       238          0          0          0          0        100   lludivv7m.o
        52          4          0          0          0         84   noretval__2snprintf.o
         8          4          0          0          0         68   rt_errno_addr_intlibspace.o
        78          0          0          0          0         80   rt_memclr_w.o
       100          0          0          0          0         80   rt_memcpy_w.o
         2          0          0          0          0          0   rtexit.o
        10          0          0          0          0          0   rtexit2.o
        62          0          0          0          0         76   strlen.o
        12          4          0          0          0         68   sys_exit.o
        74          0          0          0          0         80   sys_stackheap_outer.o
         2          0          0          0          0         68   use_no_semi.o
        24          0          0          0          0        164   basic.o
        98          4          0          0          0        140   d2f.o
       826         16          0          0          0        492   daddsub_clz.o
        24          0          0          0          0        116   dcmpi.o
       688        140          0          0          0        256   ddiv.o
        94          4          0          0          0        140   dfix.o
        90          4          0          0          0        140   dfixu.o
       120          4          0          0          0        152   dfixull.o
        84          0          0          0          0        232   dflt_clz.o
       120          4          0          0          0        140   dleqf.o
       340         12          0          0          0        152   dmul.o
       156          4          0          0          0        140   dnaninf.o
       336         12          0          0          0        136   drem_clz.o
        12          0          0          0          0        116   dretinf.o
       108          0          0          0          0        128   drleqf.o
       408         56          0          0          0        168   dsqrt_umaal.o
        86          4          0          0          0        132   f2d.o
       140          4          0          0          0        132   fnaninf.o
        10          0          0          0          0        116   fpinit.o
        10          0          0          0          0        116   fretinf.o
         0          0          0          0          0          0   usenofp.o
       200         20          0          0          0        164   cos.o
       368         46         48          0          0        200   cos_i.o
       336         56          0          0          0        136   cosf.o
        84         16          0          0          0        372   dunder.o
       488         62         48          0          0        236   expf.o
        24          0          0          0          0        124   fabs.o
       260          6          0          0          0        144   fmod.o
        48          0          0          0          0        124   fpclassify.o
        38          0          0          0          0        116   fpclassifyf.o
        74         24          0          0          0        580   funder.o
       364         44         64          0          0        140   logf.o
       248          0          0          0          0        152   poly.o
      1080        142        200          0          0        188   rred.o
       340         24         32          0          0        160   rredf.o
       200         20          0          0          0        164   sin.o
       304         24         40          0          0        208   sin_i.o
       400         56          0          0          0        212   sinf.o
       122          0          0          0          0        148   sqrt.o
        58          0          0          0          0        136   sqrtf.o

    ----------------------------------------------------------------------
     10770        862        496          0        100       9140   Library Totals
        32          0          7          0          4          0   (incl. Padding)

    ----------------------------------------------------------------------

      Code (inc. data)   RO Data    RW Data    ZI Data      Debug   Library Name

      1928         54         57          0         96       2128   c_w.l
      3774        268          0          0          0       3308   fz_wm.l
      5036        540        432          0          0       3704   m_wm.l

    ----------------------------------------------------------------------
     10770        862        496          0        100       9140   Library Totals

    ----------------------------------------------------------------------

==============================================================================


      Code (inc. data)   RO Data    RW Data    ZI Data      Debug   

     35000       3392       2080        176      72256     948735   Grand Totals
     35000       3392       2080        176      72256     948735   ELF Image Totals
     35000       3392       2080        176          0          0   ROM Totals

==============================================================================

    Total RO  Size (Code + RO Data)                37080 (  36.21kB)
    Total RW  Size (RW Data + ZI Data)             72432 (  70.73kB)
    Total ROM Size (Code + RO Data + RW Data)      37256 (  36.38kB)

==============================================================================

